Component: ARM Compiler 5.06 update 6 (build 750) Tool: armlink [4d35ed]

==============================================================================

Section Cross References

    system_stm32f10x.o(i.SetSysClock) refers to system_stm32f10x.o(i.SetSysClockTo72) for SetSysClockTo72
    system_stm32f10x.o(i.SystemCoreClockUpdate) refers to system_stm32f10x.o(.data) for SystemCoreClock
    system_stm32f10x.o(i.SystemInit) refers to system_stm32f10x.o(i.SetSysClock) for SetSysClock
    main.o(i.init_putstr) refers to dp_print_lib.o(i.InitializePrint) for InitializePrint
    main.o(i.init_putstr) refers to dp_print_lib.o(i.Sel_Align_Way) for Sel_Align_Way
    main.o(i.init_putstr) refers to dp_print_lib.o(i.Print_ASCII) for Print_ASCII
    main.o(i.main) refers to system_stm32f10x.o(i.SystemInit) for SystemInit
    main.o(i.main) refers to delay.o(i.delay_init) for delay_init
    main.o(i.main) refers to led.o(i.LED_Init) for LED_Init
    main.o(i.main) refers to key.o(i.Key_Init) for Key_Init
    main.o(i.main) refers to led.o(i.LED_On) for LED_On
    main.o(i.main) refers to hx711.o(i.HX711_Init) for HX711_Init
    main.o(i.main) refers to usart.o(i.USART1_Config) for USART1_Config
    main.o(i.main) refers to usart.o(i.USART2_Config) for USART2_Config
    main.o(i.main) refers to oled.o(i.OLED_Init) for OLED_Init
    main.o(i.main) refers to delay.o(i.delay_ms) for delay_ms
    main.o(i.main) refers to oled.o(i.OLED_homepage) for OLED_homepage
    main.o(i.main) refers to hx711.o(i.HX711_GetData) for HX711_GetData
    main.o(i.main) refers to led.o(i.LED_Toggle) for LED_Toggle
    main.o(i.main) refers to key.o(i.Key_GetNum) for Key_GetNum
    main.o(i.main) refers to oled.o(i.OLED_Clear) for OLED_Clear
    main.o(i.main) refers to oled.o(i.OLED_ShowChinese) for OLED_ShowChinese
    main.o(i.main) refers to oled.o(i.OLED_set) for OLED_set
    main.o(i.main) refers to dp_print_lib.o(i.InitializePrint) for InitializePrint
    main.o(i.main) refers to printfa.o(i.__0sprintf) for __2sprintf
    main.o(i.main) refers to main.o(i.init_putstr) for init_putstr
    main.o(i.main) refers to main.o(i.select_lines) for select_lines
    main.o(i.main) refers to fflti.o(.text) for __aeabi_i2f
    main.o(i.main) refers to f2d.o(.text) for __aeabi_f2d
    main.o(i.main) refers to fmul.o(.text) for __aeabi_fmul
    main.o(i.main) refers to dmul.o(.text) for __aeabi_dmul
    main.o(i.main) refers to ddiv.o(.text) for __aeabi_ddiv
    main.o(i.main) refers to d2f.o(.text) for __aeabi_d2f
    main.o(i.main) refers to oled.o(i.OLED_ShowString) for OLED_ShowString
    main.o(i.main) refers to oled.o(i.OLED_DisplayFruitInfo) for OLED_DisplayFruitInfo
    main.o(i.main) refers to fadd.o(.text) for __aeabi_fadd
    main.o(i.main) refers to main.o(.data) for reset
    main.o(i.main) refers to main.o(.bss) for buf
    main.o(i.main) refers to usart.o(.data) for rx_flag
    main.o(i.main) refers to usart.o(.bss) for rx_buf
    main.o(i.main) refers to oled.o(.data) for current_total
    main.o(i.print_show_str) refers to memcpya.o(.text) for __aeabi_memcpy4
    main.o(i.print_show_str) refers to dp_print_lib.o(i.InitializePrint) for InitializePrint
    main.o(i.print_show_str) refers to dp_print_lib.o(i.Print_ASCII) for Print_ASCII
    main.o(i.print_show_str) refers to main.o(i.select_lines) for select_lines
    main.o(i.print_show_str) refers to printfa.o(i.__0sprintf) for __2sprintf
    main.o(i.print_show_str) refers to main.o(i.init_putstr) for init_putstr
    main.o(i.print_show_str) refers to dp_print_lib.o(i.SetBold) for SetBold
    main.o(i.print_show_str) refers to dp_print_lib.o(i.Set_UnderLine) for Set_UnderLine
    main.o(i.print_show_str) refers to main.o(.constdata) for .constdata
    main.o(i.select_lines) refers to dp_print_lib.o(i.print_And_Line) for print_And_Line
    led.o(i.LED_Init) refers to stm32f10x_rcc.o(i.RCC_APB2PeriphClockCmd) for RCC_APB2PeriphClockCmd
    led.o(i.LED_Init) refers to stm32f10x_gpio.o(i.GPIO_Init) for GPIO_Init
    led.o(i.LED_Init) refers to stm32f10x_gpio.o(i.GPIO_ResetBits) for GPIO_ResetBits
    led.o(i.LED_Off) refers to stm32f10x_gpio.o(i.GPIO_SetBits) for GPIO_SetBits
    led.o(i.LED_On) refers to stm32f10x_gpio.o(i.GPIO_ResetBits) for GPIO_ResetBits
    led.o(i.LED_Toggle) refers to stm32f10x_gpio.o(i.GPIO_ReadOutputDataBit) for GPIO_ReadOutputDataBit
    led.o(i.LED_Toggle) refers to stm32f10x_gpio.o(i.GPIO_WriteBit) for GPIO_WriteBit
    led.o(i.LED_Twinkle) refers to led.o(i.LED_On) for LED_On
    led.o(i.LED_Twinkle) refers to delay.o(i.delay_ms) for delay_ms
    led.o(i.LED_Twinkle) refers to led.o(i.LED_Off) for LED_Off
    oled.o(i.OLED_Clear) refers to oled.o(i.OLED_Refresh) for OLED_Refresh
    oled.o(i.OLED_Clear) refers to oled.o(.bss) for OLED_GRAM
    oled.o(i.OLED_ColorTurn) refers to oled.o(i.OLED_WR_Byte) for OLED_WR_Byte
    oled.o(i.OLED_DisPlay_Off) refers to oled.o(i.OLED_WR_Byte) for OLED_WR_Byte
[...]
    printf1.o(i.__0fprintf$1) refers to printf1.o(i._printf_core) for _printf_core
    printf1.o(i.__0fprintf$1) refers to usart.o(i.fputc) for fputc
    printf1.o(i.__0printf$1) refers to printf1.o(i._printf_core) for _printf_core
    printf1.o(i.__0printf$1) refers to usart.o(i.fputc) for fputc
    printf1.o(i.__0printf$1) refers to stdout.o(.data) for __stdout
    printf1.o(i.__0snprintf$1) refers to printf1.o(i._printf_core) for _printf_core
    printf1.o(i.__0snprintf$1) refers to printf1.o(i._snputc) for _snputc
    printf1.o(i.__0sprintf$1) refers to printf1.o(i._printf_core) for _printf_core
    printf1.o(i.__0sprintf$1) refers to printf1.o(i._sputc) for _sputc
    printf1.o(i.__0vfprintf$1) refers to printf1.o(i._printf_core) for _printf_core
    printf1.o(i.__0vfprintf$1) refers to usart.o(i.fputc) for fputc
    printf1.o(i.__0vprintf$1) refers to printf1.o(i._printf_core) for _printf_core
    printf1.o(i.__0vprintf$1) refers to usart.o(i.fputc) for fputc
    printf1.o(i.__0vprintf$1) refers to stdout.o(.data) for __stdout
    printf1.o(i.__0vsnprintf$1) refers to printf1.o(i._printf_core) for _printf_core
    printf1.o(i.__0vsnprintf$1) refers to printf1.o(i._snputc) for _snputc
    printf1.o(i.__0vsprintf$1) refers to printf1.o(i._printf_core) for _printf_core
    printf1.o(i.__0vsprintf$1) refers to printf1.o(i._sputc) for _sputc
    printf1.o(i._printf_core) refers to uidiv.o(.text) for __aeabi_uidivmod
    printf2.o(i.__0fprintf$2) refers to printf2.o(i._printf_core) for _printf_core
    printf2.o(i.__0fprintf$2) refers to usart.o(i.fputc) for fputc
    printf2.o(i.__0printf$2) refers to printf2.o(i._printf_core) for _printf_core
    printf2.o(i.__0printf$2) refers to usart.o(i.fputc) for fputc
    printf2.o(i.__0printf$2) refers to stdout.o(.data) for __stdout
    printf2.o(i.__0snprintf$2) refers to printf2.o(i._printf_core) for _printf_core
    printf2.o(i.__0snprintf$2) refers to printf2.o(i._snputc) for _snputc
    printf2.o(i.__0sprintf$2) refers to printf2.o(i._printf_core) for _printf_core
    printf2.o(i.__0sprintf$2) refers to printf2.o(i._sputc) for _sputc
    printf2.o(i.__0vfprintf$2) refers to printf2.o(i._printf_core) for _printf_core
    printf2.o(i.__0vfprintf$2) refers to usart.o(i.fputc) for fputc
    printf2.o(i.__0vprintf$2) refers to printf2.o(i._printf_core) for _printf_core
    printf2.o(i.__0vprintf$2) refers to usart.o(i.fputc) for fputc
    printf2.o(i.__0vprintf$2) refers to stdout.o(.data) for __stdout
    printf2.o(i.__0vsnprintf$2) refers to printf2.o(i._printf_core) for _printf_core
    printf2.o(i.__0vsnprintf$2) refers to printf2.o(i._snputc) for _snputc
    printf2.o(i.__0vsprintf$2) refers to printf2.o(i._printf_core) for _printf_core
    printf2.o(i.__0vsprintf$2) refers to printf2.o(i._sputc) for _sputc
    printf3.o(i.__0fprintf$3) refers to printf3.o(i._printf_core) for _printf_core
    printf3.o(i.__0fprintf$3) refers to usart.o(i.fputc) for fputc
    printf3.o(i.__0printf$3) refers to printf3.o(i._printf_core) for _printf_core
    printf3.o(i.__0printf$3) refers to usart.o(i.fputc) for fputc
    printf3.o(i.__0printf$3) refers to stdout.o(.data) for __stdout
    printf3.o(i.__0snprintf$3) refers to printf3.o(i._printf_core) for _printf_core
    printf3.o(i.__0snprintf$3) refers to printf3.o(i._snputc) for _snputc
    printf3.o(i.__0sprintf$3) refers to printf3.o(i._printf_core) for _printf_core
    printf3.o(i.__0sprintf$3) refers to printf3.o(i._sputc) for _sputc
    printf3.o(i.__0vfprintf$3) refers to printf3.o(i._printf_core) for _printf_core
    printf3.o(i.__0vfprintf$3) refers to usart.o(i.fputc) for fputc
    printf3.o(i.__0vprintf$3) refers to printf3.o(i._printf_core) for _printf_core
    printf3.o(i.__0vprintf$3) refers to usart.o(i.fputc) for fputc
    printf3.o(i.__0vprintf$3) refers to stdout.o(.data) for __stdout
    printf3.o(i.__0vsnprintf$3) refers to printf3.o(i._printf_core) for _printf_core
    printf3.o(i.__0vsnprintf$3) refers to printf3.o(i._snputc) for _snputc
    printf3.o(i.__0vsprintf$3) refers to printf3.o(i._printf_core) for _printf_core
    printf3.o(i.__0vsprintf$3) refers to printf3.o(i._sputc) for _sputc
    printf3.o(i._printf_core) refers to uidiv.o(.text) for __aeabi_uidivmod
    printf4.o(i.__0fprintf$4) refers to printf4.o(i._printf_core) for _printf_core
    printf4.o(i.__0fprintf$4) refers to usart.o(i.fputc) for fputc
    printf4.o(i.__0printf$4) refers to printf4.o(i._printf_core) for _printf_core
    printf4.o(i.__0printf$4) refers to usart.o(i.fputc) for fputc
    printf4.o(i.__0printf$4) refers to stdout.o(.data) for __stdout
    printf4.o(i.__0snprintf$4) refers to printf4.o(i._printf_core) for _printf_core
    printf4.o(i.__0snprintf$4) refers to printf4.o(i._snputc) for _snputc
    printf4.o(i.__0sprintf$4) refers to printf4.o(i._printf_core) for _printf_core
    printf4.o(i.__0sprintf$4) refers to printf4.o(i._sputc) for _sputc
    printf4.o(i.__0vfprintf$4) refers to printf4.o(i._printf_core) for _printf_core
    printf4.o(i.__0vfprintf$4) refers to usart.o(i.fputc) for fputc
    printf4.o(i.__0vprintf$4) refers to printf4.o(i._printf_core) for _printf_core
    printf4.o(i.__0vprintf$4) refers to usart.o(i.fputc) for fputc
    printf4.o(i.__0vprintf$4) refers to stdout.o(.data) for __stdout
    printf4.o(i.__0vsnprintf$4) refers to printf4.o(i._printf_core) for _printf_core
    printf4.o(i.__0vsnprintf$4) refers to printf4.o(i._snputc) for _snputc
    printf4.o(i.__0vsprintf$4) refers to printf4.o(i._printf_core) for _printf_core
    printf4.o(i.__0vsprintf$4) refers to printf4.o(i._sputc) for _sputc
    printf4.o(i._printf_core) refers to uldiv.o(.text) for __aeabi_uldivmod
    printf5.o(i.__0fprintf$5) refers to printf5.o(i._printf_core) for _printf_core
    printf5.o(i.__0fprintf$5) refers to usart.o(i.fputc) for fputc
    printf5.o(i.__0printf$5) refers to printf5.o(i._printf_core) for _printf_core
    printf5.o(i.__0printf$5) refers to usart.o(i.fputc) for fputc
    printf5.o(i.__0printf$5) refers to stdout.o(.data) for __stdout
    printf5.o(i.__0snprintf$5) refers to printf5.o(i._printf_core) for _printf_core
    printf5.o(i.__0snprintf$5) refers to printf5.o(i._snputc) for _snputc
    printf5.o(i.__0sprintf$5) refers to printf5.o(i._printf_core) for _printf_core
    printf5.o(i.__0sprintf$5) refers to printf5.o(i._sputc) for _sputc
    printf5.o(i.__0vfprintf$5) refers to printf5.o(i._printf_core) for _printf_core
    printf5.o(i.__0vfprintf$5) refers to usart.o(i.fputc) for fputc
    printf5.o(i.__0vprintf$5) refers to printf5.o(i._printf_core) for _printf_core
    printf5.o(i.__0vprintf$5) refers to usart.o(i.fputc) for fputc
    printf5.o(i.__0vprintf$5) refers to stdout.o(.data) for __stdout
    printf5.o(i.__0vsnprintf$5) refers to printf5.o(i._printf_core) for _printf_core
    printf5.o(i.__0vsnprintf$5) refers to printf5.o(i._snputc) for _snputc
    printf5.o(i.__0vsprintf$5) refers to printf5.o(i._printf_core) for _printf_core
    printf5.o(i.__0vsprintf$5) refers to printf5.o(i._sputc) for _sputc
    printf5.o(i._printf_core) refers to uldiv.o(.text) for __aeabi_uldivmod
    printf6.o(i.__0fprintf$6) refers to printf6.o(i._printf_core) for _printf_core
    printf6.o(i.__0fprintf$6) refers to usart.o(i.fputc) for fputc
    printf6.o(i.__0printf$6) refers to printf6.o(i._printf_core) for _printf_core
    printf6.o(i.__0printf$6) refers to usart.o(i.fputc) for fputc
    printf6.o(i.__0printf$6) refers to stdout.o(.data) for __stdout
    printf6.o(i.__0snprintf$6) refers to printf6.o(i._printf_core) for _printf_core
    printf6.o(i.__0snprintf$6) refers to printf6.o(i._snputc) for _snputc
    printf6.o(i.__0sprintf$6) refers to printf6.o(i._printf_core) for _printf_core
    printf6.o(i.__0sprintf$6) refers to printf6.o(i._sputc) for _sputc
    printf6.o(i.__0vfprintf$6) refers to printf6.o(i._printf_core) for _printf_core
    printf6.o(i.__0vfprintf$6) refers to usart.o(i.fputc) for fputc
    printf6.o(i.__0vprintf$6) refers to printf6.o(i._printf_core) for _printf_core
    printf6.o(i.__0vprintf$6) refers to usart.o(i.fputc) for fputc
    printf6.o(i.__0vprintf$6) refers to stdout.o(.data) for __stdout
    printf6.o(i.__0vsnprintf$6) refers to printf6.o(i._printf_core) for _printf_core
    printf6.o(i.__0vsnprintf$6) refers to printf6.o(i._snputc) for _snputc
    printf6.o(i.__0vsprintf$6) refers to printf6.o(i._printf_core) for _printf_core
    printf6.o(i.__0vsprintf$6) refers to printf6.o(i._sputc) for _sputc
    printf6.o(i._printf_core) refers to printf6.o(i._printf_pre_padding) for _printf_pre_padding
    printf6.o(i._printf_core) refers to uidiv.o(.text) for __aeabi_uidivmod
    printf6.o(i._printf_core) refers to printf6.o(i._printf_post_padding) for _printf_post_padding
    printf7.o(i.__0fprintf$7) refers to printf7.o(i._printf_core) for _printf_core
    printf7.o(i.__0fprintf$7) refers to usart.o(i.fputc) for fputc
    printf7.o(i.__0printf$7) refers to printf7.o(i._printf_core) for _printf_core
    printf7.o(i.__0printf$7) refers to usart.o(i.fputc) for fputc
    printf7.o(i.__0printf$7) refers to stdout.o(.data) for __stdout
    printf7.o(i.__0snprintf$7) refers to printf7.o(i._printf_core) for _printf_core
    printf7.o(i.__0snprintf$7) refers to printf7.o(i._snputc) for _snputc
    printf7.o(i.__0sprintf$7) refers to printf7.o(i._printf_core) for _printf_core
    printf7.o(i.__0sprintf$7) refers to printf7.o(i._sputc) for _sputc
    printf7.o(i.__0vfprintf$7) refers to printf7.o(i._printf_core) for _printf_core
    printf7.o(i.__0vfprintf$7) refers to usart.o(i.fputc) for fputc
    printf7.o(i.__0vprintf$7) refers to printf7.o(i._printf_core) for _printf_core
    printf7.o(i.__0vprintf$7) refers to usart.o(i.fputc) for fputc
    printf7.o(i.__0vprintf$7) refers to stdout.o(.data) for __stdout
    printf7.o(i.__0vsnprintf$7) refers to printf7.o(i._printf_core) for _printf_core
    printf7.o(i.__0vsnprintf$7) refers to printf7.o(i._snputc) for _snputc
    printf7.o(i.__0vsprintf$7) refers to printf7.o(i._printf_core) for _printf_core
    printf7.o(i.__0vsprintf$7) refers to printf7.o(i._sputc) for _sputc
    printf7.o(i._printf_core) refers to printf7.o(i._printf_pre_padding) for _printf_pre_padding
    printf7.o(i._printf_core) refers to uldiv.o(.text) for __aeabi_uldivmod
    printf7.o(i._printf_core) refers to printf7.o(i._printf_post_padding) for _printf_post_padding
    printf8.o(i.__0fprintf$8) refers to printf8.o(i._printf_core) for _printf_core
    printf8.o(i.__0fprintf$8) refers to usart.o(i.fputc) for fputc
    printf8.o(i.__0printf$8) refers to printf8.o(i._printf_core) for _printf_core
    printf8.o(i.__0printf$8) refers to usart.o(i.fputc) for fputc
    printf8.o(i.__0printf$8) refers to stdout.o(.data) for __stdout
    printf8.o(i.__0snprintf$8) refers to printf8.o(i._printf_core) for _printf_core
    printf8.o(i.__0snprintf$8) refers to printf8.o(i._snputc) for _snputc
    printf8.o(i.__0sprintf$8) refers to printf8.o(i._printf_core) for _printf_core
    printf8.o(i.__0sprintf$8) refers to printf8.o(i._sputc) for _sputc
    printf8.o(i.__0vfprintf$8) refers to printf8.o(i._printf_core) for _printf_core
    printf8.o(i.__0vfprintf$8) refers to usart.o(i.fputc) for fputc
    printf8.o(i.__0vprintf$8) refers to printf8.o(i._printf_core) for _printf_core
    printf8.o(i.__0vprintf$8) refers to usart.o(i.fputc) for fputc
    printf8.o(i.__0vprintf$8) refers to stdout.o(.data) for __stdout
    printf8.o(i.__0vsnprintf$8) refers to printf8.o(i._printf_core) for _printf_core
    printf8.o(i.__0vsnprintf$8) refers to printf8.o(i._snputc) for _snputc
    printf8.o(i.__0vsprintf$8) refers to printf8.o(i._printf_core) for _printf_core
    printf8.o(i.__0vsprintf$8) refers to printf8.o(i._sputc) for _sputc
    printf8.o(i._printf_core) refers to printf8.o(i._printf_pre_padding) for _printf_pre_padding
    printf8.o(i._printf_core) refers to uldiv.o(.text) for __aeabi_uldivmod
    printf8.o(i._printf_core) refers to printf8.o(i._printf_post_padding) for _printf_post_padding
    printfa.o(i.__0fprintf) refers (Special) to iusefp.o(.text) for __I$use$fp
    printfa.o(i.__0fprintf) refers to printfa.o(i._printf_core) for _printf_core
    printfa.o(i.__0fprintf) refers to usart.o(i.fputc) for fputc
    printfa.o(i.__0printf) refers (Special) to iusefp.o(.text) for __I$use$fp
    printfa.o(i.__0printf) refers to printfa.o(i._printf_core) for _printf_core
    printfa.o(i.__0printf) refers to usart.o(i.fputc) for fputc
    printfa.o(i.__0printf) refers to stdout.o(.data) for __stdout
    printfa.o(i.__0snprintf) refers (Special) to iusefp.o(.text) for __I$use$fp
    printfa.o(i.__0snprintf) refers to printfa.o(i._printf_core) for _printf_core
    printfa.o(i.__0snprintf) refers to printfa.o(i._snputc) for _snputc
    printfa.o(i.__0sprintf) refers (Special) to iusefp.o(.text) for __I$use$fp
    printfa.o(i.__0sprintf) refers to printfa.o(i._printf_core) for _printf_core
    printfa.o(i.__0sprintf) refers to printfa.o(i._sputc) for _sputc
    printfa.o(i.__0vfprintf) refers (Special) to iusefp.o(.text) for __I$use$fp
    printfa.o(i.__0vfprintf) refers to printfa.o(i._printf_core) for _printf_core
    printfa.o(i.__0vfprintf) refers to usart.o(i.fputc) for fputc
    printfa.o(i.__0vprintf) refers (Special) to iusefp.o(.text) for __I$use$fp
    printfa.o(i.__0vprintf) refers to printfa.o(i._printf_core) for _printf_core
    printfa.o(i.__0vprintf) refers to usart.o(i.fputc) for fputc
    printfa.o(i.__0vprintf) refers to stdout.o(.data) for __stdout
    printfa.o(i.__0vsnprintf) refers (Special) to iusefp.o(.text) for __I$use$fp
    printfa.o(i.__0vsnprintf) refers to printfa.o(i._printf_core) for _printf_core
    printfa.o(i.__0vsnprintf) refers to printfa.o(i._snputc) for _snputc
    printfa.o(i.__0vsprintf) refers (Special) to iusefp.o(.text) for __I$use$fp
    printfa.o(i.__0vsprintf) refers to printfa.o(i._printf_core) for _printf_core
    printfa.o(i.__0vsprintf) refers to printfa.o(i._sputc) for _sputc
    printfa.o(i._fp_digits) refers (Special) to iusefp.o(.text) for __I$use$fp
    printfa.o(i._fp_digits) refers to dmul.o(.text) for __aeabi_dmul
    printfa.o(i._fp_digits) refers to ddiv.o(.text) for __aeabi_ddiv
    printfa.o(i._fp_digits) refers to cdrcmple.o(.text) for __aeabi_cdrcmple
    printfa.o(i._fp_digits) refers to dadd.o(.text) for __aeabi_dadd
    printfa.o(i._fp_digits) refers to dfixul.o(.text) for __aeabi_d2ulz
    printfa.o(i._fp_digits) refers to uldiv.o(.text) for __aeabi_uldivmod
    printfa.o(i._printf_core) refers (Special) to iusefp.o(.text) for __I$use$fp
    printfa.o(i._printf_core) refers to printfa.o(i._printf_pre_padding) for _printf_pre_padding
    printfa.o(i._printf_core) refers to uldiv.o(.text) for __aeabi_uldivmod
    printfa.o(i._printf_core) refers to printfa.o(i._printf_post_padding) for _printf_post_padding
    printfa.o(i._printf_core) refers to printfa.o(i._fp_digits) for _fp_digits
    printfa.o(i._printf_core) refers to uidiv.o(.text) for __aeabi_uidivmod
    printfa.o(i._printf_post_padding) refers (Special) to iusefp.o(.text) for __I$use$fp
    printfa.o(i._printf_pre_padding) refers (Special) to iusefp.o(.text) for __I$use$fp
    printfa.o(i._snputc) refers (Special) to iusefp.o(.text) for __I$use$fp
    printfa.o(i._sputc) refers (Special) to iusefp.o(.text) for __I$use$fp
    fadd.o(.text) refers (Special) to iusefp.o(.text) for __I$use$fp
    fadd.o(.text) refers to fepilogue.o(.text) for _float_epilogue
    fmul.o(.text) refers (Special) to iusefp.o(.text) for __I$use$fp
    fdiv.o(.text) refers (Special) to iusefp.o(.text) for __I$use$fp
    fdiv.o(.text) refers to fepilogue.o(.text) for _float_round
    dmul.o(.text) refers (Special) to iusefp.o(.text) for __I$use$fp
    dmul.o(.text) refers to depilogue.o(.text) for _double_epilogue
    ddiv.o(.text) refers (Special) to iusefp.o(.text) for __I$use$fp
    ddiv.o(.text) refers to depilogue.o(.text) for _double_round
    fflti.o(.text) refers (Special) to iusefp.o(.text) for __I$use$fp
    fflti.o(.text) refers to fepilogue.o(.text) for _float_epilogue
    f2d.o(.text) refers (Special) to iusefp.o(.text) for __I$use$fp
    d2f.o(.text) refers (Special) to iusefp.o(.text) for __I$use$fp
    d2f.o(.text) refers to fepilogue.o(.text) for _float_round
    cfcmple.o(.text) refers (Special) to iusefp.o(.text) for __I$use$fp
    entry2.o(.ARM.Collect$$$$00000001) refers to entry2.o(.ARM.Collect$$$$00002712) for __lit__00000000
    entry2.o(.ARM.Collect$$$$00002712) refers to startup_stm32f10x_md.o(STACK) for __initial_sp
    entry2.o(__vectab_stack_and_reset_area) refers to startup_stm32f10x_md.o(STACK) for __initial_sp
    entry2.o(__vectab_stack_and_reset_area) refers to entry.o(.ARM.Collect$$$$00000000) for __main
    entry5.o(.ARM.Collect$$$$00000004) refers to init.o(.text) for __scatterload
    entry9a.o(.ARM.Collect$$$$0000000B) refers to main.o(i.main) for main
    entry9b.o(.ARM.Collect$$$$0000000C) refers to main.o(i.main) for main
    uldiv.o(.text) refers to llushr.o(.text) for __aeabi_llsr
    uldiv.o(.text) refers to llshl.o(.text) for __aeabi_llsl
    frnd.o(.text) refers to fepilogue.o(.text) for _float_round
    depilogue.o(.text) refers to llshl.o(.text) for __aeabi_llsl
    depilogue.o(.text) refers to llushr.o(.text) for __aeabi_llsr
    dadd.o(.text) refers to llshl.o(.text) for __aeabi_llsl
    dadd.o(.text) refers to llsshr.o(.text) for __aeabi_lasr
    dadd.o(.text) refers to depilogue.o(.text) for _double_epilogue
    dfixul.o(.text) refers to llushr.o(.text) for __aeabi_llsr
    dfixul.o(.text) refers to llshl.o(.text) for __aeabi_llsl
    init.o(.text) refers to entry5.o(.ARM.Collect$$$$00000004) for __main_after_scatterload


==============================================================================

Removing Unused input sections from the image.

    Removing system_stm32f10x.o(i.SystemCoreClockUpdate), (164 bytes).
    Removing system_stm32f10x.o(.data), (20 bytes).
    Removing main.o(i.print_show_str), (304 bytes).
    Removing main.o(.constdata), (100 bytes).
    Removing led.o(i.LED_Off), (20 bytes).
    Removing led.o(i.LED_Twinkle), (18 bytes).
    Removing oled.o(i.OLED_ColorTurn), (28 bytes).
    Removing oled.o(i.OLED_DisPlay_Off), (28 bytes).
    Removing oled.o(i.OLED_DisPlay_On), (28 bytes).
    Removing oled.o(i.OLED_DisplayTurn), (44 bytes).
    Removing oled.o(i.OLED_DrawCircle), (168 bytes).
    Removing oled.o(i.OLED_DrawLine), (172 bytes).
    Removing oled.o(i.OLED_Pow), (22 bytes).
    Removing oled.o(i.OLED_ScrollDisplay), (172 bytes).
    Removing oled.o(i.OLED_ShowNum), (148 bytes).
    Removing oled.o(i.OLED_ShowPicture), (218 bytes).
    Removing dp_print_lib.o(i.Barcode_sw), (30 bytes).
    Removing dp_print_lib.o(i.Del_UserDefineCharacter), (48 bytes).
    Removing dp_print_lib.o(i.DisChineseChar), (32 bytes).
    Removing dp_print_lib.o(i.DownLoadBitmap), (96 bytes).
    Removing dp_print_lib.o(i.PrintBarCode), (148 bytes).
    Removing dp_print_lib.o(i.PrintDownLoadBitmap), (44 bytes).
    Removing dp_print_lib.o(i.PrintGoPage), (40 bytes).
    Removing dp_print_lib.o(i.PrintGratinmap), (128 bytes).
    Removing dp_print_lib.o(i.PrintQRCode), (72 bytes).
    Removing dp_print_lib.o(i.SelChineseChar), (32 bytes).
    Removing dp_print_lib.o(i.SelCountryCharacter), (40 bytes).
    Removing dp_print_lib.o(i.Sel_Bitmap_Mode), (116 bytes).
    Removing dp_print_lib.o(i.Sel_Custom_Character), (40 bytes).
    Removing dp_print_lib.o(i.SetBold), (44 bytes).
    Removing dp_print_lib.o(i.SetCharacterSize), (64 bytes).
    Removing dp_print_lib.o(i.SetChinesemode), (40 bytes).
    Removing dp_print_lib.o(i.SetDefaultLineInterval), (32 bytes).
    Removing dp_print_lib.o(i.SetHorizPosition), (52 bytes).
    Removing dp_print_lib.o(i.SetReversal), (44 bytes).
    Removing dp_print_lib.o(i.Set_BarCodeHight), (40 bytes).
    Removing dp_print_lib.o(i.Set_BarCodeLeftSpace), (48 bytes).
    Removing dp_print_lib.o(i.Set_BarCodeWidth), (52 bytes).
    Removing dp_print_lib.o(i.Set_ChineseCode), (76 bytes).
    Removing dp_print_lib.o(i.Set_HRIPosition), (44 bytes).
    Removing dp_print_lib.o(i.Set_Inverse), (44 bytes).
    Removing dp_print_lib.o(i.Set_LeftSpaceNum), (48 bytes).
    Removing dp_print_lib.o(i.Set_Left_Interval), (48 bytes).
    Removing dp_print_lib.o(i.Set_Print_Mode), (40 bytes).
    Removing dp_print_lib.o(i.Set_Print_Position), (48 bytes).
    Removing dp_print_lib.o(i.Set_QRCodeAdjuLevel), (84 bytes).
    Removing dp_print_lib.o(i.Set_QRCodeBuffer), (108 bytes).
    Removing dp_print_lib.o(i.Set_QRcodeMode), (76 bytes).
    Removing dp_print_lib.o(i.Set_Right_Interval), (40 bytes).
    Removing dp_print_lib.o(i.Set_Rotate), (44 bytes).
    Removing dp_print_lib.o(i.Set_UnderLine), (44 bytes).
    Removing dp_print_lib.o(i.TestPrintPage), (58 bytes).
    Removing dp_print_lib.o(i.UserDefineCharacter), (88 bytes).
    Removing dp_print_lib.o(i.jump_lattice), (24 bytes).
    Removing usart.o(i.fputc), (36 bytes).
    Removing sys.o(.emb_text), (6 bytes).
    Removing sys.o(i.INTX_DISABLE), (4 bytes).
    Removing sys.o(i.INTX_ENABLE), (4 bytes).
    Removing sys.o(i.WFI_SET), (4 bytes).
    Removing core_cm3.o(.emb_text), (32 bytes).
    Removing startup_stm32f10x_md.o(HEAP), (0 bytes).
    Removing misc.o(i.NVIC_SetVectorTable), (20 bytes).
    Removing misc.o(i.NVIC_SystemLPConfig), (32 bytes).
    Removing stm32f10x_usart.o(i.USART_ClearFlag), (18 bytes).
    Removing stm32f10x_usart.o(i.USART_ClearITPendingBit), (30 bytes).
    Removing stm32f10x_usart.o(i.USART_ClockInit), (34 bytes).
    Removing stm32f10x_usart.o(i.USART_ClockStructInit), (12 bytes).
    Removing stm32f10x_usart.o(i.USART_DMACmd), (18 bytes).
    Removing stm32f10x_usart.o(i.USART_DeInit), (156 bytes).
    Removing stm32f10x_usart.o(i.USART_HalfDuplexCmd), (24 bytes).
    Removing stm32f10x_usart.o(i.USART_IrDACmd), (24 bytes).
    Removing stm32f10x_usart.o(i.USART_IrDAConfig), (18 bytes).
    Removing stm32f10x_usart.o(i.USART_LINBreakDetectLengthConfig), (18 bytes).
    Removing stm32f10x_usart.o(i.USART_LINCmd), (24 bytes).
    Removing stm32f10x_usart.o(i.USART_OneBitMethodCmd), (24 bytes).
    Removing stm32f10x_usart.o(i.USART_OverSampling8Cmd), (22 bytes).
    Removing stm32f10x_usart.o(i.USART_ReceiverWakeUpCmd), (24 bytes).
    Removing stm32f10x_usart.o(i.USART_SendBreak), (10 bytes).
    Removing stm32f10x_usart.o(i.USART_SetAddress), (18 bytes).
    Removing stm32f10x_usart.o(i.USART_SetGuardTime), (16 bytes).
    Removing stm32f10x_usart.o(i.USART_SetPrescaler), (16 bytes).
    Removing stm32f10x_usart.o(i.USART_SmartCardCmd), (24 bytes).
    Removing stm32f10x_usart.o(i.USART_SmartCardNACKCmd), (24 bytes).
    Removing stm32f10x_usart.o(i.USART_StructInit), (24 bytes).
    Removing stm32f10x_usart.o(i.USART_WakeUpConfig), (18 bytes).
    Removing stm32f10x_gpio.o(i.GPIO_AFIODeInit), (20 bytes).
    Removing stm32f10x_gpio.o(i.GPIO_DeInit), (200 bytes).
    Removing stm32f10x_gpio.o(i.GPIO_ETH_MediaInterfaceConfig), (12 bytes).
    Removing stm32f10x_gpio.o(i.GPIO_EXTILineConfig), (64 bytes).
    Removing stm32f10x_gpio.o(i.GPIO_EventOutputCmd), (12 bytes).
    Removing stm32f10x_gpio.o(i.GPIO_EventOutputConfig), (32 bytes).
    Removing stm32f10x_gpio.o(i.GPIO_PinLockConfig), (18 bytes).
    Removing stm32f10x_gpio.o(i.GPIO_PinRemapConfig), (144 bytes).
    Removing stm32f10x_gpio.o(i.GPIO_ReadInputData), (8 bytes).
    Removing stm32f10x_gpio.o(i.GPIO_ReadOutputData), (8 bytes).
    Removing stm32f10x_gpio.o(i.GPIO_StructInit), (16 bytes).
    Removing stm32f10x_gpio.o(i.GPIO_Write), (4 bytes).
    Removing stm32f10x_rcc.o(i.RCC_ADCCLKConfig), (24 bytes).
    Removing stm32f10x_rcc.o(i.RCC_AHBPeriphClockCmd), (32 bytes).
    Removing stm32f10x_rcc.o(i.RCC_APB1PeriphResetCmd), (32 bytes).
    Removing stm32f10x_rcc.o(i.RCC_APB2PeriphResetCmd), (32 bytes).
    Removing stm32f10x_rcc.o(i.RCC_AdjustHSICalibrationValue), (24 bytes).
    Removing stm32f10x_rcc.o(i.RCC_BackupResetCmd), (12 bytes).
    Removing stm32f10x_rcc.o(i.RCC_ClearFlag), (20 bytes).
    Removing stm32f10x_rcc.o(i.RCC_ClearITPendingBit), (12 bytes).
    Removing stm32f10x_rcc.o(i.RCC_ClockSecuritySystemCmd), (12 bytes).
    Removing stm32f10x_rcc.o(i.RCC_DeInit), (76 bytes).
    Removing stm32f10x_rcc.o(i.RCC_GetFlagStatus), (60 bytes).
    Removing stm32f10x_rcc.o(i.RCC_GetITStatus), (24 bytes).
    Removing stm32f10x_rcc.o(i.RCC_GetSYSCLKSource), (16 bytes).
    Removing stm32f10x_rcc.o(i.RCC_HCLKConfig), (24 bytes).
    Removing stm32f10x_rcc.o(i.RCC_HSEConfig), (76 bytes).
    Removing stm32f10x_rcc.o(i.RCC_HSICmd), (12 bytes).
    Removing stm32f10x_rcc.o(i.RCC_ITConfig), (32 bytes).
    Removing stm32f10x_rcc.o(i.RCC_LSEConfig), (52 bytes).
    Removing stm32f10x_rcc.o(i.RCC_LSICmd), (12 bytes).
    Removing stm32f10x_rcc.o(i.RCC_MCOConfig), (12 bytes).
    Removing stm32f10x_rcc.o(i.RCC_PCLK1Config), (24 bytes).
    Removing stm32f10x_rcc.o(i.RCC_PCLK2Config), (24 bytes).
    Removing stm32f10x_rcc.o(i.RCC_PLLCmd), (12 bytes).
    Removing stm32f10x_rcc.o(i.RCC_PLLConfig), (28 bytes).
    Removing stm32f10x_rcc.o(i.RCC_RTCCLKCmd), (12 bytes).
    Removing stm32f10x_rcc.o(i.RCC_RTCCLKConfig), (16 bytes).
    Removing stm32f10x_rcc.o(i.RCC_SYSCLKConfig), (24 bytes).
    Removing stm32f10x_rcc.o(i.RCC_USBCLKConfig), (12 bytes).
    Removing stm32f10x_rcc.o(i.RCC_WaitForHSEStartUp), (56 bytes).
    Removing stm32f10x_adc.o(i.ADC_AnalogWatchdogCmd), (20 bytes).
    Removing stm32f10x_adc.o(i.ADC_AnalogWatchdogSingleChannelConfig), (16 bytes).
    Removing stm32f10x_adc.o(i.ADC_AnalogWatchdogThresholdsConfig), (6 bytes).
    Removing stm32f10x_adc.o(i.ADC_AutoInjectedConvCmd), (22 bytes).
    Removing stm32f10x_adc.o(i.ADC_ClearFlag), (6 bytes).
    Removing stm32f10x_adc.o(i.ADC_ClearITPendingBit), (10 bytes).
    Removing stm32f10x_adc.o(i.ADC_Cmd), (22 bytes).
    Removing stm32f10x_adc.o(i.ADC_DMACmd), (22 bytes).
    Removing stm32f10x_adc.o(i.ADC_DeInit), (92 bytes).
    Removing stm32f10x_adc.o(i.ADC_DiscModeChannelCountConfig), (24 bytes).
    Removing stm32f10x_adc.o(i.ADC_DiscModeCmd), (22 bytes).
    Removing stm32f10x_adc.o(i.ADC_ExternalTrigConvCmd), (22 bytes).
    Removing stm32f10x_adc.o(i.ADC_ExternalTrigInjectedConvCmd), (22 bytes).
    Removing stm32f10x_adc.o(i.ADC_ExternalTrigInjectedConvConfig), (16 bytes).
    Removing stm32f10x_adc.o(i.ADC_GetCalibrationStatus), (20 bytes).
    Removing stm32f10x_adc.o(i.ADC_GetConversionValue), (8 bytes).
    Removing stm32f10x_adc.o(i.ADC_GetDualModeConversionValue), (12 bytes).
    Removing stm32f10x_adc.o(i.ADC_GetFlagStatus), (18 bytes).
    Removing stm32f10x_adc.o(i.ADC_GetITStatus), (36 bytes).
    Removing stm32f10x_adc.o(i.ADC_GetInjectedConversionValue), (28 bytes).
    Removing stm32f10x_adc.o(i.ADC_GetResetCalibrationStatus), (20 bytes).
    Removing stm32f10x_adc.o(i.ADC_GetSoftwareStartConvStatus), (20 bytes).
    Removing stm32f10x_adc.o(i.ADC_GetSoftwareStartInjectedConvCmdStatus), (20 bytes).
    Removing stm32f10x_adc.o(i.ADC_ITConfig), (24 bytes).
    Removing stm32f10x_adc.o(i.ADC_Init), (80 bytes).
    Removing stm32f10x_adc.o(i.ADC_InjectedChannelConfig), (130 bytes).
    Removing stm32f10x_adc.o(i.ADC_InjectedDiscModeCmd), (22 bytes).
    Removing stm32f10x_adc.o(i.ADC_InjectedSequencerLengthConfig), (24 bytes).
    Removing stm32f10x_adc.o(i.ADC_RegularChannelConfig), (184 bytes).
    Removing stm32f10x_adc.o(i.ADC_ResetCalibration), (10 bytes).
    Removing stm32f10x_adc.o(i.ADC_SetInjectedOffset), (20 bytes).
    Removing stm32f10x_adc.o(i.ADC_SoftwareStartConvCmd), (22 bytes).
    Removing stm32f10x_adc.o(i.ADC_SoftwareStartInjectedConvCmd), (22 bytes).
    Removing stm32f10x_adc.o(i.ADC_StartCalibration), (10 bytes).
    Removing stm32f10x_adc.o(i.ADC_StructInit), (18 bytes).
    Removing stm32f10x_adc.o(i.ADC_TempSensorVrefintCmd), (36 bytes).

162 unused section(s) (total 7032 bytes) removed from the image.

==============================================================================

Image Symbol Table

    Local Symbols

    Symbol Name                              Value     Ov Type        Size  Object(Section)

    ../clib/../cmprslib/lz77c.c              0x00000000   Number         0  __dclz77c.o ABSOLUTE
    ../clib/microlib/division.c              0x00000000   Number         0  uidiv.o ABSOLUTE
    ../clib/microlib/division.c              0x00000000   Number         0  uldiv.o ABSOLUTE
    ../clib/microlib/init/entry.s            0x00000000   Number         0  entry11a.o ABSOLUTE
    ../clib/microlib/init/entry.s            0x00000000   Number         0  entry9b.o ABSOLUTE
    ../clib/microlib/init/entry.s            0x00000000   Number         0  entry10b.o ABSOLUTE
    ../clib/microlib/init/entry.s            0x00000000   Number         0  entry7a.o ABSOLUTE
    ../clib/microlib/init/entry.s            0x00000000   Number         0  entry10a.o ABSOLUTE
    ../clib/microlib/init/entry.s            0x00000000   Number         0  entry9a.o ABSOLUTE
    ../clib/microlib/init/entry.s            0x00000000   Number         0  entry.o ABSOLUTE
    ../clib/microlib/init/entry.s            0x00000000   Number         0  entry2.o ABSOLUTE
    ../clib/microlib/init/entry.s            0x00000000   Number         0  entry8b.o ABSOLUTE
    ../clib/microlib/init/entry.s            0x00000000   Number         0  entry8a.o ABSOLUTE
    ../clib/microlib/init/entry.s            0x00000000   Number         0  entry5.o ABSOLUTE
    ../clib/microlib/init/entry.s            0x00000000   Number         0  entry11b.o ABSOLUTE
    ../clib/microlib/init/entry.s            0x00000000   Number         0  entry7b.o ABSOLUTE
    ../clib/microlib/longlong.c              0x00000000   Number         0  llsshr.o ABSOLUTE
    ../clib/microlib/longlong.c              0x00000000   Number         0  llushr.o ABSOLUTE
    ../clib/microlib/longlong.c              0x00000000   Number         0  llshl.o ABSOLUTE
    ../clib/microlib/printf/printf.c         0x00000000   Number         0  printfb.o ABSOLUTE
    ../clib/microlib/printf/printf.c         0x00000000   Number         0  printf5.o ABSOLUTE
    ../clib/microlib/printf/printf.c         0x00000000   Number         0  printf6.o ABSOLUTE
    ../clib/microlib/printf/printf.c         0x00000000   Number         0  printf7.o ABSOLUTE
    ../clib/microlib/printf/printf.c         0x00000000   Number         0  printf8.o ABSOLUTE
    ../clib/microlib/printf/printf.c         0x00000000   Number         0  printfa.o ABSOLUTE
    ../clib/microlib/printf/printf.c         0x00000000   Number         0  printf1.o ABSOLUTE
    ../clib/microlib/printf/printf.c         0x00000000   Number         0  printf3.o ABSOLUTE
    ../clib/microlib/printf/printf.c         0x00000000   Number         0  printf4.o ABSOLUTE
    ../clib/microlib/printf/printf.c         0x00000000   Number         0  printf0.o ABSOLUTE
    ../clib/microlib/printf/printf.c         0x00000000   Number         0  printf2.o ABSOLUTE
    ../clib/microlib/printf/stubs.s          0x00000000   Number         0  stubs.o ABSOLUTE
    ../clib/microlib/stdio/streams.c         0x00000000   Number         0  stdout.o ABSOLUTE
    ../clib/microlib/string/memcpy.c         0x00000000   Number         0  memcpyb.o ABSOLUTE
    ../clib/microlib/string/memcpy.c         0x00000000   Number         0  memcpya.o ABSOLUTE
    ../clib/microlib/stubs.s                 0x00000000   Number         0  iusefp.o ABSOLUTE
    ../fplib/microlib/d2f.c                  0x00000000   Number         0  d2f.o ABSOLUTE
    ../fplib/microlib/f2d.c                  0x00000000   Number         0  f2d.o ABSOLUTE
    ../fplib/microlib/fpadd.c                0x00000000   Number         0  fadd.o ABSOLUTE
    ../fplib/microlib/fpadd.c                0x00000000   Number         0  dadd.o ABSOLUTE
    ../fplib/microlib/fpdiv.c                0x00000000   Number         0  ddiv.o ABSOLUTE
    ../fplib/microlib/fpdiv.c                0x00000000   Number         0  fdiv.o ABSOLUTE
    ../fplib/microlib/fpepilogue.c           0x00000000   Number         0  depilogue.o ABSOLUTE
    ../fplib/microlib/fpepilogue.c           0x00000000   Number         0  fepilogue.o ABSOLUTE
    ../fplib/microlib/fpfix.c                0x00000000   Number         0  dfixul.o ABSOLUTE
    ../fplib/microlib/fpflt.c                0x00000000   Number         0  fflti.o ABSOLUTE
    ../fplib/microlib/fpmul.c                0x00000000   Number         0  dmul.o ABSOLUTE
    ../fplib/microlib/fpmul.c                0x00000000   Number         0  fmul.o ABSOLUTE
    ../fplib/microlib/fprnd.c                0x00000000   Number         0  frnd.o ABSOLUTE
    ../mathlib/round.c                       0x00000000   Number         0  roundf.o ABSOLUTE
    ..\CORE\core_cm3.c                       0x00000000   Number         0  core_cm3.o ABSOLUTE
    ..\CORE\startup_stm32f10x_md.s           0x00000000   Number         0  startup_stm32f10x_md.o ABSOLUTE
    ..\HARDWARE\HX711\hx711.c                0x00000000   Number         0  hx711.o ABSOLUTE
    ..\HARDWARE\Key\Key.c                    0x00000000   Number         0  key.o ABSOLUTE
    ..\HARDWARE\LED\led.c                    0x00000000   Number         0  led.o ABSOLUTE
    ..\HARDWARE\OLED\oled.c                  0x00000000   Number         0  oled.o ABSOLUTE
    ..\HARDWARE\printer\DP_Print_lib.c       0x00000000   Number         0  dp_print_lib.o ABSOLUTE
    ..\STM32F10x_FWLib\src\misc.c            0x00000000   Number         0  misc.o ABSOLUTE
    ..\STM32F10x_FWLib\src\stm32f10x_adc.c   0x00000000   Number         0  stm32f10x_adc.o ABSOLUTE
    ..\STM32F10x_FWLib\src\stm32f10x_gpio.c  0x00000000   Number         0  stm32f10x_gpio.o ABSOLUTE
    ..\STM32F10x_FWLib\src\stm32f10x_rcc.c   0x00000000   Number         0  stm32f10x_rcc.o ABSOLUTE
    ..\STM32F10x_FWLib\src\stm32f10x_usart.c 0x00000000   Number         0  stm32f10x_usart.o ABSOLUTE
    ..\SYSTEM\delay\delay.c                  0x00000000   Number         0  delay.o ABSOLUTE
    ..\SYSTEM\sys\sys.c                      0x00000000   Number         0  sys.o ABSOLUTE
    ..\SYSTEM\usart\usart.c                  0x00000000   Number         0  usart.o ABSOLUTE
    ..\\CORE\\core_cm3.c                     0x00000000   Number         0  core_cm3.o ABSOLUTE
    ..\\SYSTEM\\sys\\sys.c                   0x00000000   Number         0  sys.o ABSOLUTE
    cdrcmple.s                               0x00000000   Number         0  cdrcmple.o ABSOLUTE
    cfcmple.s                                0x00000000   Number         0  cfcmple.o ABSOLUTE
    dc.s                                     0x00000000   Number         0  dc.o ABSOLUTE
    handlers.s                               0x00000000   Number         0  handlers.o ABSOLUTE
    init.s                                   0x00000000   Number         0  init.o ABSOLUTE
    main.c                                   0x00000000   Number         0  main.o ABSOLUTE
    stm32f10x_it.c                           0x00000000   Number         0  stm32f10x_it.o ABSOLUTE
    system_stm32f10x.c                       0x00000000   Number         0  system_stm32f10x.o ABSOLUTE
    RESET                                    0x08000000   Section      236  startup_stm32f10x_md.o(RESET)
    .ARM.Collect$$$$00000000                 0x080000ec   Section        0  entry.o(.ARM.Collect$$$$00000000)
    .ARM.Collect$$$$00000001                 0x080000ec   Section        4  entry2.o(.ARM.Collect$$$$00000001)
    .ARM.Collect$$$$00000004                 0x080000f0   Section        4  entry5.o(.ARM.Collect$$$$00000004)
    .ARM.Collect$$$$00000008                 0x080000f4   Section        0  entry7b.o(.ARM.Collect$$$$00000008)
    .ARM.Collect$$$$0000000A                 0x080000f4   Section        0  entry8b.o(.ARM.Collect$$$$0000000A)
    .ARM.Collect$$$$0000000B                 0x080000f4   Section        8  entry9a.o(.ARM.Collect$$$$0000000B)
    .ARM.Collect$$$$0000000D                 0x080000fc   Section        0  entry10a.o(.ARM.Collect$$$$0000000D)
    .ARM.Collect$$$$0000000F                 0x080000fc   Section        0  entry11a.o(.ARM.Collect$$$$0000000F)
    .ARM.Collect$$$$00002712                 0x080000fc   Section        4  entry2.o(.ARM.Collect$$$$00002712)
    __lit__00000000                          0x080000fc   Data           4  entry2.o(.ARM.Collect$$$$00002712)
    .text                                    0x08000100   Section       28  startup_stm32f10x_md.o(.text)
    .text                                    0x0800011c   Section        0  fadd.o(.text)
    .text                                    0x080001cc   Section        0  fmul.o(.text)
    .text                                    0x08000230   Section        0  fdiv.o(.text)
    .text                                    0x080002ac   Section        0  dmul.o(.text)
    .text                                    0x08000390   Section        0  ddiv.o(.text)
    .text                                    0x0800046e   Section        0  fflti.o(.text)
    .text                                    0x08000480   Section        0  f2d.o(.text)
    .text                                    0x080004a6   Section        0  d2f.o(.text)
    .text                                    0x080004e0   Section       20  cfcmple.o(.text)
    .text                                    0x080004f4   Section        0  uidiv.o(.text)
    .text                                    0x08000520   Section        0  uldiv.o(.text)
    .text                                    0x08000582   Section        0  iusefp.o(.text)
    .text                                    0x08000582   Section        0  fepilogue.o(.text)
    .text                                    0x080005f0   Section        0  frnd.o(.text)
    .text                                    0x0800062c   Section        0  depilogue.o(.text)
    .text                                    0x080006e6   Section        0  dadd.o(.text)
    .text                                    0x08000834   Section        0  dfixul.o(.text)
    .text                                    0x08000864   Section       48  cdrcmple.o(.text)
    .text                                    0x08000894   Section       36  init.o(.text)
    .text                                    0x080008b8   Section        0  llshl.o(.text)
    .text                                    0x080008d6   Section        0  llushr.o(.text)
    .text                                    0x080008f6   Section        0  llsshr.o(.text)
    .text                                    0x0800091a   Section        0  __dclz77c.o(.text)
    i.BusFault_Handler                       0x08000978   Section        0  stm32f10x_it.o(i.BusFault_Handler)
    i.DebugMon_Handler                       0x0800097c   Section        0  stm32f10x_it.o(i.DebugMon_Handler)
    i.GPIO_Init                              0x0800097e   Section        0  stm32f10x_gpio.o(i.GPIO_Init)
    i.GPIO_ReadInputDataBit                  0x08000a94   Section        0  stm32f10x_gpio.o(i.GPIO_ReadInputDataBit)
    i.GPIO_ReadOutputDataBit                 0x08000aa6   Section        0  stm32f10x_gpio.o(i.GPIO_ReadOutputDataBit)
    i.GPIO_ResetBits                         0x08000ab8   Section        0  stm32f10x_gpio.o(i.GPIO_ResetBits)
    i.GPIO_SetBits                           0x08000abc   Section        0  stm32f10x_gpio.o(i.GPIO_SetBits)
    i.GPIO_WriteBit                          0x08000ac0   Section        0  stm32f10x_gpio.o(i.GPIO_WriteBit)
    i.HX711_GetData                          0x08000acc   Section        0  hx711.o(i.HX711_GetData)
    i.HX711_Init                             0x08000b58   Section        0  hx711.o(i.HX711_Init)
    i.HardFault_Handler                      0x08000b9c   Section        0  stm32f10x_it.o(i.HardFault_Handler)
    i.IIC_delay                              0x08000ba0   Section        0  oled.o(i.IIC_delay)
    i.InitializePrint                        0x08000bb0   Section        0  dp_print_lib.o(i.InitializePrint)
    i.Key_GetNum                             0x08000bcc   Section        0  key.o(i.Key_GetNum)
    i.Key_Init                               0x08000c4c   Section        0  key.o(i.Key_Init)
    i.LED_Init                               0x08000c78   Section        0  led.o(i.LED_Init)
    i.LED_On                                 0x08000cac   Section        0  led.o(i.LED_On)
    i.LED_Toggle                             0x08000cc0   Section        0  led.o(i.LED_Toggle)
    i.MemManage_Handler                      0x08000ce4   Section        0  stm32f10x_it.o(i.MemManage_Handler)
    i.NMI_Handler                            0x08000ce8   Section        0  stm32f10x_it.o(i.NMI_Handler)
    i.NVIC_Init                              0x08000cec   Section        0  misc.o(i.NVIC_Init)
    i.NVIC_PriorityGroupConfig               0x08000d5c   Section        0  misc.o(i.NVIC_PriorityGroupConfig)
    i.OLED_Clear                             0x08000d70   Section        0  oled.o(i.OLED_Clear)
    i.OLED_DisplayFruitInfo                  0x08000da0   Section        0  oled.o(i.OLED_DisplayFruitInfo)
    i.OLED_DrawPoint                         0x08000f70   Section        0  oled.o(i.OLED_DrawPoint)
    i.OLED_Fill                              0x08000fe8   Section        0  oled.o(i.OLED_Fill)
    i.OLED_I2C_Start                         0x08001024   Section        0  oled.o(i.OLED_I2C_Start)
    i.OLED_I2C_Stop                          0x08001058   Section        0  oled.o(i.OLED_I2C_Stop)
    i.OLED_I2C_WaitAck                       0x0800107c   Section        0  oled.o(i.OLED_I2C_WaitAck)
    i.OLED_Init                              0x080010a8   Section        0  oled.o(i.OLED_Init)
    i.OLED_Refresh                           0x080011cc   Section        0  oled.o(i.OLED_Refresh)
    i.OLED_Send_Byte                         0x08001234   Section        0  oled.o(i.OLED_Send_Byte)
    i.OLED_ShowChar                          0x08001280   Section        0  oled.o(i.OLED_ShowChar)
    i.OLED_ShowChinese                       0x080013c0   Section        0  oled.o(i.OLED_ShowChinese)
    i.OLED_ShowString                        0x080014c8   Section        0  oled.o(i.OLED_ShowString)
    i.OLED_WR_Byte                           0x08001516   Section        0  oled.o(i.OLED_WR_Byte)
    i.OLED_homepage                          0x0800154e   Section        0  oled.o(i.OLED_homepage)
    i.OLED_set                               0x08001712   Section        0  oled.o(i.OLED_set)
    i.PendSV_Handler                         0x08001836   Section        0  stm32f10x_it.o(i.PendSV_Handler)
    i.Print_ASCII                            0x08001838   Section        0  dp_print_lib.o(i.Print_ASCII)
    i.RCC_APB1PeriphClockCmd                 0x08001850   Section        0  stm32f10x_rcc.o(i.RCC_APB1PeriphClockCmd)
    i.RCC_APB2PeriphClockCmd                 0x08001870   Section        0  stm32f10x_rcc.o(i.RCC_APB2PeriphClockCmd)
    i.RCC_GetClocksFreq                      0x08001890   Section        0  stm32f10x_rcc.o(i.RCC_GetClocksFreq)
    i.SVC_Handler                            0x08001964   Section        0  stm32f10x_it.o(i.SVC_Handler)
    i.Sel_Align_Way                          0x08001968   Section        0  dp_print_lib.o(i.Sel_Align_Way)
    i.SetSysClock                            0x08001994   Section        0  system_stm32f10x.o(i.SetSysClock)
    SetSysClock                              0x08001995   Thumb Code     8  system_stm32f10x.o(i.SetSysClock)
    i.SetSysClockTo72                        0x0800199c   Section        0  system_stm32f10x.o(i.SetSysClockTo72)
    SetSysClockTo72                          0x0800199d   Thumb Code   214  system_stm32f10x.o(i.SetSysClockTo72)
    i.SysTick_CLKSourceConfig                0x08001a7c   Section        0  misc.o(i.SysTick_CLKSourceConfig)
    i.SysTick_Handler                        0x08001aa4   Section        0  stm32f10x_it.o(i.SysTick_Handler)
    i.SystemInit                             0x08001aa8   Section        0  system_stm32f10x.o(i.SystemInit)
    i.UART_SendByte                          0x08001b08   Section        0  usart.o(i.UART_SendByte)
    i.USART1_Config                          0x08001b28   Section        0  usart.o(i.USART1_Config)
    i.USART1_IRQHandler                      0x08001bd4   Section        0  usart.o(i.USART1_IRQHandler)
    i.USART2_Config                          0x08001c3c   Section        0  usart.o(i.USART2_Config)
    i.USART2_IRQHandler                      0x08001ce4   Section        0  usart.o(i.USART2_IRQHandler)
    i.USART_Cmd                              0x08001d4c   Section        0  stm32f10x_usart.o(i.USART_Cmd)
    i.USART_GetFlagStatus                    0x08001d64   Section        0  stm32f10x_usart.o(i.USART_GetFlagStatus)
    i.USART_GetITStatus                      0x08001d7e   Section        0  stm32f10x_usart.o(i.USART_GetITStatus)
    i.USART_ITConfig                         0x08001dd2   Section        0  stm32f10x_usart.o(i.USART_ITConfig)
    i.USART_Init                             0x08001e1c   Section        0  stm32f10x_usart.o(i.USART_Init)
    i.USART_ReceiveData                      0x08001ef4   Section        0  stm32f10x_usart.o(i.USART_ReceiveData)
    i.USART_SendData                         0x08001efe   Section        0  stm32f10x_usart.o(i.USART_SendData)
    i.UsageFault_Handler                     0x08001f06   Section        0  stm32f10x_it.o(i.UsageFault_Handler)
    i.__0sprintf                             0x08001f0c   Section        0  printfa.o(i.__0sprintf)
    i.__scatterload_copy                     0x08001f34   Section       14  handlers.o(i.__scatterload_copy)
    i.__scatterload_null                     0x08001f42   Section        2  handlers.o(i.__scatterload_null)
    i.__scatterload_zeroinit                 0x08001f44   Section       14  handlers.o(i.__scatterload_zeroinit)
    i._fp_digits                             0x08001f54   Section        0  printfa.o(i._fp_digits)
    _fp_digits                               0x08001f55   Thumb Code   366  printfa.o(i._fp_digits)
    i._printf_core                           0x080020d8   Section        0  printfa.o(i._printf_core)
    _printf_core                             0x080020d9   Thumb Code  1744  printfa.o(i._printf_core)
    i._printf_post_padding                   0x080027b4   Section        0  printfa.o(i._printf_post_padding)
    _printf_post_padding                     0x080027b5   Thumb Code    36  printfa.o(i._printf_post_padding)
    i._printf_pre_padding                    0x080027d8   Section        0  printfa.o(i._printf_pre_padding)
    _printf_pre_padding                      0x080027d9   Thumb Code    46  printfa.o(i._printf_pre_padding)
    i._sputc                                 0x08002806   Section        0  printfa.o(i._sputc)
    _sputc                                   0x08002807   Thumb Code    10  printfa.o(i._sputc)
    i.delay_init                             0x08002810   Section        0  delay.o(i.delay_init)
    i.delay_ms                               0x0800284c   Section        0  delay.o(i.delay_ms)
    i.delay_us                               0x08002888   Section        0  delay.o(i.delay_us)
    i.init_putstr                            0x080028c4   Section        0  main.o(i.init_putstr)
    i.main                                   0x080028dc   Section        0  main.o(i.main)
    i.print_And_Line                         0x08002da0   Section        0  dp_print_lib.o(i.print_And_Line)
    i.roundf                                 0x08002daa   Section        0  roundf.o(i.roundf)
    i.select_lines                           0x08002e1c   Section        0  main.o(i.select_lines)
    .constdata                               0x08002e32   Section     9000  oled.o(.constdata)
    .data                                    0x20000000   Section    13857  main.o(.data)
    .data                                    0x20003624   Section       24  oled.o(.data)
    prev_id                                  0x20003630   Data           1  oled.o(.data)
    prev_price                               0x20003634   Data           4  oled.o(.data)
    prev_total                               0x20003638   Data           4  oled.o(.data)
    .data                                    0x2000363c   Section        1  dp_print_lib.o(.data)
    gucCheckPassWord                         0x2000363c   Data           1  dp_print_lib.o(.data)
    .data                                    0x2000363e   Section        4  delay.o(.data)
    fac_us                                   0x2000363e   Data           1  delay.o(.data)
    fac_ms                                   0x20003640   Data           2  delay.o(.data)
    .data                                    0x20003642   Section        7  usart.o(.data)
    .data                                    0x20003649   Section       20  stm32f10x_rcc.o(.data)
    APBAHBPrescTable                         0x20003649   Data          16  stm32f10x_rcc.o(.data)
    ADCPrescTable                            0x20003659   Data           4  stm32f10x_rcc.o(.data)
    .bss                                     0x20003660   Section      130  main.o(.bss)
    .bss                                     0x200036e2   Section     1182  oled.o(.bss)
    .bss                                     0x20003b80   Section      160  usart.o(.bss)
    STACK                                    0x20003c20   Section      512  startup_stm32f10x_md.o(STACK)

    Global Symbols

    Symbol Name                              Value     Ov Type        Size  Object(Section)

    BuildAttributes$$THM_ISAv4$P$D$K$B$S$PE$A:L22UL41UL21$X:L11$S22US41US21$IEEE1$IW$USESV6$~STKCKD$USESV7$~SHL$OTIME$ROPI$IEEEJ$EBA8$MICROLIB$REQ8$PRES8$EABIv2 0x00000000   Number         0  anon$$obj.o ABSOLUTE
    __ARM_use_no_argv                        0x00000000   Number         0  main.o ABSOLUTE
    _printf_a                                0x00000000   Number         0  stubs.o ABSOLUTE
    _printf_c                                0x00000000   Number         0  stubs.o ABSOLUTE
    _printf_charcount                        0x00000000   Number         0  stubs.o ABSOLUTE
    _printf_d                                0x00000000   Number         0  stubs.o ABSOLUTE
    _printf_e                                0x00000000   Number         0  stubs.o ABSOLUTE
    _printf_f                                0x00000000   Number         0  stubs.o ABSOLUTE
    _printf_flags                            0x00000000   Number         0  stubs.o ABSOLUTE
    _printf_fp_dec                           0x00000000   Number         0  stubs.o ABSOLUTE
    _printf_fp_hex                           0x00000000   Number         0  stubs.o ABSOLUTE
    _printf_g                                0x00000000   Number         0  stubs.o ABSOLUTE
    _printf_i                                0x00000000   Number         0  stubs.o ABSOLUTE
    _printf_int_dec                          0x00000000   Number         0  stubs.o ABSOLUTE
    _printf_l                                0x00000000   Number         0  stubs.o ABSOLUTE
    _printf_lc                               0x00000000   Number         0  stubs.o ABSOLUTE
    _printf_ll                               0x00000000   Number         0  stubs.o ABSOLUTE
    _printf_lld                              0x00000000   Number         0  stubs.o ABSOLUTE
    _printf_lli                              0x00000000   Number         0  stubs.o ABSOLUTE
    _printf_llo                              0x00000000   Number         0  stubs.o ABSOLUTE
    _printf_llu                              0x00000000   Number         0  stubs.o ABSOLUTE
    _printf_llx                              0x00000000   Number         0  stubs.o ABSOLUTE
    _printf_longlong_dec                     0x00000000   Number         0  stubs.o ABSOLUTE
    _printf_longlong_hex                     0x00000000   Number         0  stubs.o ABSOLUTE
    _printf_longlong_oct                     0x00000000   Number         0  stubs.o ABSOLUTE
    _printf_ls                               0x00000000   Number         0  stubs.o ABSOLUTE
    _printf_mbtowc                           0x00000000   Number         0  stubs.o ABSOLUTE
    _printf_n                                0x00000000   Number         0  stubs.o ABSOLUTE
    _printf_o                                0x00000000   Number         0  stubs.o ABSOLUTE
    _printf_p                                0x00000000   Number         0  stubs.o ABSOLUTE
    _printf_percent                          0x00000000   Number         0  stubs.o ABSOLUTE
    _printf_pre_padding                      0x00000000   Number         0  stubs.o ABSOLUTE
    _printf_return_value                     0x00000000   Number         0  stubs.o ABSOLUTE
    _printf_s                                0x00000000   Number         0  stubs.o ABSOLUTE
    _printf_sizespec                         0x00000000   Number         0  stubs.o ABSOLUTE
    _printf_str                              0x00000000   Number         0  stubs.o ABSOLUTE
    _printf_truncate_signed                  0x00000000   Number         0  stubs.o ABSOLUTE
    _printf_truncate_unsigned                0x00000000   Number         0  stubs.o ABSOLUTE
    _printf_u                                0x00000000   Number         0  stubs.o ABSOLUTE
    _printf_wc                               0x00000000   Number         0  stubs.o ABSOLUTE
    _printf_wctomb                           0x00000000   Number         0  stubs.o ABSOLUTE
    _printf_widthprec                        0x00000000   Number         0  stubs.o ABSOLUTE
    _printf_x                                0x00000000   Number         0  stubs.o ABSOLUTE
    __cpp_initialize__aeabi_                  - Undefined Weak Reference
    __cxa_finalize                            - Undefined Weak Reference
    _clock_init                               - Undefined Weak Reference
    _microlib_exit                            - Undefined Weak Reference
    __Vectors_Size                           0x000000ec   Number         0  startup_stm32f10x_md.o ABSOLUTE
    __Vectors                                0x08000000   Data           4  startup_stm32f10x_md.o(RESET)
    __Vectors_End                            0x080000ec   Data           0  startup_stm32f10x_md.o(RESET)
    __main                                   0x080000ed   Thumb Code     0  entry.o(.ARM.Collect$$$$00000000)
    _main_stk                                0x080000ed   Thumb Code     0  entry2.o(.ARM.Collect$$$$00000001)
    _main_scatterload                        0x080000f1   Thumb Code     0  entry5.o(.ARM.Collect$$$$00000004)
    __main_after_scatterload                 0x080000f5   Thumb Code     0  entry5.o(.ARM.Collect$$$$00000004)
    _main_clock                              0x080000f5   Thumb Code     0  entry7b.o(.ARM.Collect$$$$00000008)
    _main_cpp_init                           0x080000f5   Thumb Code     0  entry8b.o(.ARM.Collect$$$$0000000A)
    _main_init                               0x080000f5   Thumb Code     0  entry9a.o(.ARM.Collect$$$$0000000B)
    __rt_final_cpp                           0x080000fd   Thumb Code     0  entry10a.o(.ARM.Collect$$$$0000000D)
    __rt_final_exit                          0x080000fd   Thumb Code     0  entry11a.o(.ARM.Collect$$$$0000000F)
    Reset_Handler                            0x08000101   Thumb Code     4  startup_stm32f10x_md.o(.text)
    ADC1_2_IRQHandler                        0x08000117   Thumb Code     0  startup_stm32f10x_md.o(.text)
    CAN1_RX1_IRQHandler                      0x08000117   Thumb Code     0  startup_stm32f10x_md.o(.text)
    CAN1_SCE_IRQHandler                      0x08000117   Thumb Code     0  startup_stm32f10x_md.o(.text)
    DMA1_Channel1_IRQHandler                 0x08000117   Thumb Code     0  startup_stm32f10x_md.o(.text)
    DMA1_Channel2_IRQHandler                 0x08000117   Thumb Code     0  startup_stm32f10x_md.o(.text)
    DMA1_Channel3_IRQHandler                 0x08000117   Thumb Code     0  startup_stm32f10x_md.o(.text)
    DMA1_Channel4_IRQHandler                 0x08000117   Thumb Code     0  startup_stm32f10x_md.o(.text)
    DMA1_Channel5_IRQHandler                 0x08000117   Thumb Code     0  startup_stm32f10x_md.o(.text)
    DMA1_Channel6_IRQHandler                 0x08000117   Thumb Code     0  startup_stm32f10x_md.o(.text)
    DMA1_Channel7_IRQHandler                 0x08000117   Thumb Code     0  startup_stm32f10x_md.o(.text)
    EXTI0_IRQHandler                         0x08000117   Thumb Code     0  startup_stm32f10x_md.o(.text)
    EXTI15_10_IRQHandler                     0x08000117   Thumb Code     0  startup_stm32f10x_md.o(.text)
    EXTI1_IRQHandler                         0x08000117   Thumb Code     0  startup_stm32f10x_md.o(.text)
    EXTI2_IRQHandler                         0x08000117   Thumb Code     0  startup_stm32f10x_md.o(.text)
    EXTI3_IRQHandler                         0x08000117   Thumb Code     0  startup_stm32f10x_md.o(.text)
    EXTI4_IRQHandler                         0x08000117   Thumb Code     0  startup_stm32f10x_md.o(.text)
    EXTI9_5_IRQHandler                       0x08000117   Thumb Code     0  startup_stm32f10x_md.o(.text)
    FLASH_IRQHandler                         0x08000117   Thumb Code     0  startup_stm32f10x_md.o(.text)
    I2C1_ER_IRQHandler                       0x08000117   Thumb Code     0  startup_stm32f10x_md.o(.text)
    I2C1_EV_IRQHandler                       0x08000117   Thumb Code     0  startup_stm32f10x_md.o(.text)
    I2C2_ER_IRQHandler                       0x08000117   Thumb Code     0  startup_stm32f10x_md.o(.text)
    I2C2_EV_IRQHandler                       0x08000117   Thumb Code     0  startup_stm32f10x_md.o(.text)
    PVD_IRQHandler                           0x08000117   Thumb Code     0  startup_stm32f10x_md.o(.text)
    RCC_IRQHandler                           0x08000117   Thumb Code     0  startup_stm32f10x_md.o(.text)
    RTCAlarm_IRQHandler                      0x08000117   Thumb Code     0  startup_stm32f10x_md.o(.text)
    RTC_IRQHandler                           0x08000117   Thumb Code     0  startup_stm32f10x_md.o(.text)
    SPI1_IRQHandler                          0x08000117   Thumb Code     0  startup_stm32f10x_md.o(.text)
    SPI2_IRQHandler                          0x08000117   Thumb Code     0  startup_stm32f10x_md.o(.text)
    TAMPER_IRQHandler                        0x08000117   Thumb Code     0  startup_stm32f10x_md.o(.text)
    TIM1_BRK_IRQHandler                      0x08000117   Thumb Code     0  startup_stm32f10x_md.o(.text)
    TIM1_CC_IRQHandler                       0x08000117   Thumb Code     0  startup_stm32f10x_md.o(.text)
    TIM1_TRG_COM_IRQHandler                  0x08000117   Thumb Code     0  startup_stm32f10x_md.o(.text)
    TIM1_UP_IRQHandler                       0x08000117   Thumb Code     0  startup_stm32f10x_md.o(.text)
    TIM2_IRQHandler                          0x08000117   Thumb Code     0  startup_stm32f10x_md.o(.text)
    TIM3_IRQHandler                          0x08000117   Thumb Code     0  startup_stm32f10x_md.o(.text)
    TIM4_IRQHandler                          0x08000117   Thumb Code     0  startup_stm32f10x_md.o(.text)
    USART3_IRQHandler                        0x08000117   Thumb Code     0  startup_stm32f10x_md.o(.text)
    USBWakeUp_IRQHandler                     0x08000117   Thumb Code     0  startup_stm32f10x_md.o(.text)
    USB_HP_CAN1_TX_IRQHandler                0x08000117   Thumb Code     0  startup_stm32f10x_md.o(.text)
    USB_LP_CAN1_RX0_IRQHandler               0x08000117   Thumb Code     0  startup_stm32f10x_md.o(.text)
    WWDG_IRQHandler                          0x08000117   Thumb Code     0  startup_stm32f10x_md.o(.text)
    __aeabi_fadd                             0x0800011d   Thumb Code   164  fadd.o(.text)
    __aeabi_fsub                             0x080001c1   Thumb Code     6  fadd.o(.text)
    __aeabi_frsub                            0x080001c7   Thumb Code     6  fadd.o(.text)
    __aeabi_fmul                             0x080001cd   Thumb Code   100  fmul.o(.text)
    __aeabi_fdiv                             0x08000231   Thumb Code   124  fdiv.o(.text)
    __aeabi_dmul                             0x080002ad   Thumb Code   228  dmul.o(.text)
    __aeabi_ddiv                             0x08000391   Thumb Code   222  ddiv.o(.text)
    __aeabi_i2f                              0x0800046f   Thumb Code    18  fflti.o(.text)
    __aeabi_f2d                              0x08000481   Thumb Code    38  f2d.o(.text)
    __aeabi_d2f                              0x080004a7   Thumb Code    56  d2f.o(.text)
    __aeabi_cfcmpeq                          0x080004e1   Thumb Code     0  cfcmple.o(.text)
    __aeabi_cfcmple                          0x080004e1   Thumb Code    20  cfcmple.o(.text)
    __aeabi_uidiv                            0x080004f5   Thumb Code     0  uidiv.o(.text)
    __aeabi_uidivmod                         0x080004f5   Thumb Code    44  uidiv.o(.text)
    __aeabi_uldivmod                         0x08000521   Thumb Code    98  uldiv.o(.text)
    __I$use$fp                               0x08000583   Thumb Code     0  iusefp.o(.text)
    _float_round                             0x08000583   Thumb Code    18  fepilogue.o(.text)
    _float_epilogue                          0x08000595   Thumb Code    92  fepilogue.o(.text)
    _frnd                                    0x080005f1   Thumb Code    60  frnd.o(.text)
    _double_round                            0x0800062d   Thumb Code    30  depilogue.o(.text)
    _double_epilogue                         0x0800064b   Thumb Code   156  depilogue.o(.text)
    __aeabi_dadd                             0x080006e7   Thumb Code   322  dadd.o(.text)
    __aeabi_dsub                             0x08000829   Thumb Code     6  dadd.o(.text)
    __aeabi_drsub                            0x0800082f   Thumb Code     6  dadd.o(.text)
    __aeabi_d2ulz                            0x08000835   Thumb Code    48  dfixul.o(.text)
    __aeabi_cdrcmple                         0x08000865   Thumb Code    48  cdrcmple.o(.text)
    __scatterload                            0x08000895   Thumb Code    28  init.o(.text)
    __scatterload_rt2                        0x08000895   Thumb Code     0  init.o(.text)
    __aeabi_llsl                             0x080008b9   Thumb Code    30  llshl.o(.text)
    _ll_shift_l                              0x080008b9   Thumb Code     0  llshl.o(.text)
    __aeabi_llsr                             0x080008d7   Thumb Code    32  llushr.o(.text)
    _ll_ushift_r                             0x080008d7   Thumb Code     0  llushr.o(.text)
    __aeabi_lasr                             0x080008f7   Thumb Code    36  llsshr.o(.text)
    _ll_sshift_r                             0x080008f7   Thumb Code     0  llsshr.o(.text)
    __decompress                             0x0800091b   Thumb Code     0  __dclz77c.o(.text)
    __decompress2                            0x0800091b   Thumb Code    94  __dclz77c.o(.text)
    BusFault_Handler                         0x08000979   Thumb Code     4  stm32f10x_it.o(i.BusFault_Handler)
    DebugMon_Handler                         0x0800097d   Thumb Code     2  stm32f10x_it.o(i.DebugMon_Handler)
    GPIO_Init                                0x0800097f   Thumb Code   278  stm32f10x_gpio.o(i.GPIO_Init)
    GPIO_ReadInputDataBit                    0x08000a95   Thumb Code    18  stm32f10x_gpio.o(i.GPIO_ReadInputDataBit)
    GPIO_ReadOutputDataBit                   0x08000aa7   Thumb Code    18  stm32f10x_gpio.o(i.GPIO_ReadOutputDataBit)
    GPIO_ResetBits                           0x08000ab9   Thumb Code     4  stm32f10x_gpio.o(i.GPIO_ResetBits)
    GPIO_SetBits                             0x08000abd   Thumb Code     4  stm32f10x_gpio.o(i.GPIO_SetBits)
    GPIO_WriteBit                            0x08000ac1   Thumb Code    10  stm32f10x_gpio.o(i.GPIO_WriteBit)
    HX711_GetData                            0x08000acd   Thumb Code   136  hx711.o(i.HX711_GetData)
    HX711_Init                               0x08000b59   Thumb Code    62  hx711.o(i.HX711_Init)
    HardFault_Handler                        0x08000b9d   Thumb Code     4  stm32f10x_it.o(i.HardFault_Handler)
    IIC_delay                                0x08000ba1   Thumb Code    16  oled.o(i.IIC_delay)
    InitializePrint                          0x08000bb1   Thumb Code    22  dp_print_lib.o(i.InitializePrint)
    Key_GetNum                               0x08000bcd   Thumb Code   122  key.o(i.Key_GetNum)
    Key_Init                                 0x08000c4d   Thumb Code    38  key.o(i.Key_Init)
    LED_Init                                 0x08000c79   Thumb Code    48  led.o(i.LED_Init)
    LED_On                                   0x08000cad   Thumb Code    14  led.o(i.LED_On)
    LED_Toggle                               0x08000cc1   Thumb Code    32  led.o(i.LED_Toggle)
    MemManage_Handler                        0x08000ce5   Thumb Code     4  stm32f10x_it.o(i.MemManage_Handler)
    NMI_Handler                              0x08000ce9   Thumb Code     2  stm32f10x_it.o(i.NMI_Handler)
    NVIC_Init                                0x08000ced   Thumb Code   100  misc.o(i.NVIC_Init)
    NVIC_PriorityGroupConfig                 0x08000d5d   Thumb Code    10  misc.o(i.NVIC_PriorityGroupConfig)
    OLED_Clear                               0x08000d71   Thumb Code    42  oled.o(i.OLED_Clear)
    OLED_DisplayFruitInfo                    0x08000da1   Thumb Code   412  oled.o(i.OLED_DisplayFruitInfo)
    OLED_DrawPoint                           0x08000f71   Thumb Code   114  oled.o(i.OLED_DrawPoint)
    OLED_Fill                                0x08000fe9   Thumb Code    58  oled.o(i.OLED_Fill)
    OLED_I2C_Start                           0x08001025   Thumb Code    48  oled.o(i.OLED_I2C_Start)
    OLED_I2C_Stop                            0x08001059   Thumb Code    32  oled.o(i.OLED_I2C_Stop)
    OLED_I2C_WaitAck                         0x0800107d   Thumb Code    40  oled.o(i.OLED_I2C_WaitAck)
    OLED_Init                                0x080010a9   Thumb Code   286  oled.o(i.OLED_Init)
    OLED_Refresh                             0x080011cd   Thumb Code   100  oled.o(i.OLED_Refresh)
    OLED_Send_Byte                           0x08001235   Thumb Code    70  oled.o(i.OLED_Send_Byte)
    OLED_ShowChar                            0x08001281   Thumb Code   304  oled.o(i.OLED_ShowChar)
    OLED_ShowChinese                         0x080013c1   Thumb Code   248  oled.o(i.OLED_ShowChinese)
    OLED_ShowString                          0x080014c9   Thumb Code    78  oled.o(i.OLED_ShowString)
    OLED_WR_Byte                             0x08001517   Thumb Code    56  oled.o(i.OLED_WR_Byte)
    OLED_homepage                            0x0800154f   Thumb Code   452  oled.o(i.OLED_homepage)
    OLED_set                                 0x08001713   Thumb Code   292  oled.o(i.OLED_set)
    PendSV_Handler                           0x08001837   Thumb Code     2  stm32f10x_it.o(i.PendSV_Handler)
    Print_ASCII                              0x08001839   Thumb Code    22  dp_print_lib.o(i.Print_ASCII)
    RCC_APB1PeriphClockCmd                   0x08001851   Thumb Code    26  stm32f10x_rcc.o(i.RCC_APB1PeriphClockCmd)
    RCC_APB2PeriphClockCmd                   0x08001871   Thumb Code    26  stm32f10x_rcc.o(i.RCC_APB2PeriphClockCmd)
    RCC_GetClocksFreq                        0x08001891   Thumb Code   192  stm32f10x_rcc.o(i.RCC_GetClocksFreq)
    SVC_Handler                              0x08001965   Thumb Code     2  stm32f10x_it.o(i.SVC_Handler)
    Sel_Align_Way                            0x08001969   Thumb Code    40  dp_print_lib.o(i.Sel_Align_Way)
    SysTick_CLKSourceConfig                  0x08001a7d   Thumb Code    40  misc.o(i.SysTick_CLKSourceConfig)
    SysTick_Handler                          0x08001aa5   Thumb Code     2  stm32f10x_it.o(i.SysTick_Handler)
    SystemInit                               0x08001aa9   Thumb Code    78  system_stm32f10x.o(i.SystemInit)
    UART_SendByte                            0x08001b09   Thumb Code    28  usart.o(i.UART_SendByte)
    USART1_Config                            0x08001b29   Thumb Code   162  usart.o(i.USART1_Config)
    USART1_IRQHandler                        0x08001bd5   Thumb Code    88  usart.o(i.USART1_IRQHandler)
    USART2_Config                            0x08001c3d   Thumb Code   158  usart.o(i.USART2_Config)
    USART2_IRQHandler                        0x08001ce5   Thumb Code    88  usart.o(i.USART2_IRQHandler)
    USART_Cmd                                0x08001d4d   Thumb Code    24  stm32f10x_usart.o(i.USART_Cmd)
    USART_GetFlagStatus                      0x08001d65   Thumb Code    26  stm32f10x_usart.o(i.USART_GetFlagStatus)
    USART_GetITStatus                        0x08001d7f   Thumb Code    84  stm32f10x_usart.o(i.USART_GetITStatus)
    USART_ITConfig                           0x08001dd3   Thumb Code    74  stm32f10x_usart.o(i.USART_ITConfig)
    USART_Init                               0x08001e1d   Thumb Code   210  stm32f10x_usart.o(i.USART_Init)
    USART_ReceiveData                        0x08001ef5   Thumb Code    10  stm32f10x_usart.o(i.USART_ReceiveData)
    USART_SendData                           0x08001eff   Thumb Code     8  stm32f10x_usart.o(i.USART_SendData)
    UsageFault_Handler                       0x08001f07   Thumb Code     4  stm32f10x_it.o(i.UsageFault_Handler)
    __0sprintf                               0x08001f0d   Thumb Code    34  printfa.o(i.__0sprintf)
    __1sprintf                               0x08001f0d   Thumb Code     0  printfa.o(i.__0sprintf)
    __2sprintf                               0x08001f0d   Thumb Code     0  printfa.o(i.__0sprintf)
    __c89sprintf                             0x08001f0d   Thumb Code     0  printfa.o(i.__0sprintf)
    sprintf                                  0x08001f0d   Thumb Code     0  printfa.o(i.__0sprintf)
    __scatterload_copy                       0x08001f35   Thumb Code    14  handlers.o(i.__scatterload_copy)
    __scatterload_null                       0x08001f43   Thumb Code     2  handlers.o(i.__scatterload_null)
    __scatterload_zeroinit                   0x08001f45   Thumb Code    14  handlers.o(i.__scatterload_zeroinit)
    delay_init                               0x08002811   Thumb Code    52  delay.o(i.delay_init)
    delay_ms                                 0x0800284d   Thumb Code    56  delay.o(i.delay_ms)
    delay_us                                 0x08002889   Thumb Code    56  delay.o(i.delay_us)
    init_putstr                              0x080028c5   Thumb Code    24  main.o(i.init_putstr)
    main                                     0x080028dd   Thumb Code   988  main.o(i.main)
    print_And_Line                           0x08002da1   Thumb Code    10  dp_print_lib.o(i.print_And_Line)
    roundf                                   0x08002dab   Thumb Code   114  roundf.o(i.roundf)
    select_lines                             0x08002e1d   Thumb Code    22  main.o(i.select_lines)
    asc2_0806                                0x08002e32   Data         552  oled.o(.constdata)
    asc2_1206                                0x0800305a   Data        1140  oled.o(.constdata)
    asc2_1608                                0x080034ce   Data        1520  oled.o(.constdata)
    asc2_2412                                0x08003abe   Data        3420  oled.o(.constdata)
    Hzk1                                     0x0800481a   Data        1440  oled.o(.constdata)
    Hzk2                                     0x08004dba   Data         288  oled.o(.constdata)
    Hzk3                                     0x08004eda   Data         128  oled.o(.constdata)
    Hzk4                                     0x08004f5a   Data         512  oled.o(.constdata)
    Region$$Table$$Base                      0x0800515c   Number         0  anon$$obj.o(Region$$Table)
    Region$$Table$$Limit                     0x0800517c   Number         0  anon$$obj.o(Region$$Table)
    strbuf                                   0x20000000   Data        3528  main.o(.data)
    bitbuffer1                               0x20000dc8   Data        6160  main.o(.data)
    bitbuffer2                               0x200025d8   Data        4140  main.o(.data)
    value                                    0x20003604   Data           4  main.o(.data)
    weight                                   0x20003608   Data           4  main.o(.data)
    reset                                    0x2000360c   Data           4  main.o(.data)
    KeyNum                                   0x20003610   Data           1  main.o(.data)
    final_price                              0x20003614   Data           4  main.o(.data)
    Weights                                  0x20003618   Data           4  main.o(.data)
    Weights_238                              0x2000361c   Data           4  main.o(.data)
    currentState                             0x20003620   Data           1  main.o(.data)
    unit_price                               0x20003624   Data           4  oled.o(.data)
    total_price                              0x20003628   Data           4  oled.o(.data)
    current_total                            0x2000362c   Data           4  oled.o(.data)
    rx_index                                 0x20003642   Data           2  usart.o(.data)
    rx_flag                                  0x20003644   Data           1  usart.o(.data)
    rx2_index                                0x20003646   Data           2  usart.o(.data)
    rx2_flag                                 0x20003648   Data           1  usart.o(.data)
    buff                                     0x20003660   Data          30  main.o(.bss)
    buf                                      0x2000367e   Data         100  main.o(.bss)
    OLED_GRAM                                0x200036e2   Data        1152  oled.o(.bss)
    buff_oled                                0x20003b62   Data          30  oled.o(.bss)
    rx_buf                                   0x20003b80   Data          32  usart.o(.bss)
    rx2_buf                                  0x20003ba0   Data         128  usart.o(.bss)
    __initial_sp                             0x20003e20   Data           0  startup_stm32f10x_md.o(STACK)



==============================================================================

Memory Map of the image

  Image Entry point : 0x080000ed

  Load Region LR_IROM1 (Base: 0x08000000, Size: 0x000087dc, Max: 0x00010000, ABSOLUTE, COMPRESSED[0x000056e0])

    Execution Region ER_IROM1 (Exec base: 0x08000000, Load base: 0x08000000, Size: 0x0000517c, Max: 0x00010000, ABSOLUTE)

    Exec Addr    Load Addr    Size         Type   Attr      Idx    E Section Name        Object

    0x08000000   0x08000000   0x000000ec   Data   RO          932    RESET               startup_stm32f10x_md.o
    0x080000ec   0x080000ec   0x00000000   Code   RO         1691  * .ARM.Collect$$$$00000000  mc_w.l(entry.o)
    0x080000ec   0x080000ec   0x00000004   Code   RO         1977    .ARM.Collect$$$$00000001  mc_w.l(entry2.o)
    0x080000f0   0x080000f0   0x00000004   Code   RO         1980    .ARM.Collect$$$$00000004  mc_w.l(entry5.o)
    0x080000f4   0x080000f4   0x00000000   Code   RO         1982    .ARM.Collect$$$$00000008  mc_w.l(entry7b.o)
    0x080000f4   0x080000f4   0x00000000   Code   RO         1984    .ARM.Collect$$$$0000000A  mc_w.l(entry8b.o)
    0x080000f4   0x080000f4   0x00000008   Code   RO         1985    .ARM.Collect$$$$0000000B  mc_w.l(entry9a.o)
    0x080000fc   0x080000fc   0x00000000   Code   RO         1987    .ARM.Collect$$$$0000000D  mc_w.l(entry10a.o)
    0x080000fc   0x080000fc   0x00000000   Code   RO         1989    .ARM.Collect$$$$0000000F  mc_w.l(entry11a.o)
    0x080000fc   0x080000fc   0x00000004   Code   RO         1978    .ARM.Collect$$$$00002712  mc_w.l(entry2.o)
    0x08000100   0x08000100   0x0000001c   Code   RO          933    .text               startup_stm32f10x_md.o
    0x0800011c   0x0800011c   0x000000b0   Code   RO         1959    .text               mf_w.l(fadd.o)
    0x080001cc   0x080001cc   0x00000064   Code   RO         1961    .text               mf_w.l(fmul.o)
    0x08000230   0x08000230   0x0000007c   Code   RO         1963    .text               mf_w.l(fdiv.o)
    0x080002ac   0x080002ac   0x000000e4   Code   RO         1965    .text               mf_w.l(dmul.o)
    0x08000390   0x08000390   0x000000de   Code   RO         1967    .text               mf_w.l(ddiv.o)
    0x0800046e   0x0800046e   0x00000012   Code   RO         1969    .text               mf_w.l(fflti.o)
    0x08000480   0x08000480   0x00000026   Code   RO         1971    .text               mf_w.l(f2d.o)
    0x080004a6   0x080004a6   0x00000038   Code   RO         1973    .text               mf_w.l(d2f.o)
    0x080004de   0x080004de   0x00000002   PAD
    0x080004e0   0x080004e0   0x00000014   Code   RO         1975    .text               mf_w.l(cfcmple.o)
    0x080004f4   0x080004f4   0x0000002c   Code   RO         1992    .text               mc_w.l(uidiv.o)
    0x08000520   0x08000520   0x00000062   Code   RO         1994    .text               mc_w.l(uldiv.o)
    0x08000582   0x08000582   0x00000000   Code   RO         1996    .text               mc_w.l(iusefp.o)
    0x08000582   0x08000582   0x0000006e   Code   RO         1997    .text               mf_w.l(fepilogue.o)
    0x080005f0   0x080005f0   0x0000003c   Code   RO         1999    .text               mf_w.l(frnd.o)
    0x0800062c   0x0800062c   0x000000ba   Code   RO         2001    .text               mf_w.l(depilogue.o)
    0x080006e6   0x080006e6   0x0000014e   Code   RO         2003    .text               mf_w.l(dadd.o)
    0x08000834   0x08000834   0x00000030   Code   RO         2005    .text               mf_w.l(dfixul.o)
    0x08000864   0x08000864   0x00000030   Code   RO         2007    .text               mf_w.l(cdrcmple.o)
    0x08000894   0x08000894   0x00000024   Code   RO         2009    .text               mc_w.l(init.o)
    0x080008b8   0x080008b8   0x0000001e   Code   RO         2011    .text               mc_w.l(llshl.o)
    0x080008d6   0x080008d6   0x00000020   Code   RO         2013    .text               mc_w.l(llushr.o)
    0x080008f6   0x080008f6   0x00000024   Code   RO         2015    .text               mc_w.l(llsshr.o)
    0x0800091a   0x0800091a   0x0000005e   Code   RO         2025    .text               mc_w.l(__dclz77c.o)
    0x08000978   0x08000978   0x00000004   Code   RO            1    i.BusFault_Handler  stm32f10x_it.o
    0x0800097c   0x0800097c   0x00000002   Code   RO            2    i.DebugMon_Handler  stm32f10x_it.o
    0x0800097e   0x0800097e   0x00000116   Code   RO         1159    i.GPIO_Init         stm32f10x_gpio.o
    0x08000a94   0x08000a94   0x00000012   Code   RO         1163    i.GPIO_ReadInputDataBit  stm32f10x_gpio.o
    0x08000aa6   0x08000aa6   0x00000012   Code   RO         1165    i.GPIO_ReadOutputDataBit  stm32f10x_gpio.o
    0x08000ab8   0x08000ab8   0x00000004   Code   RO         1166    i.GPIO_ResetBits    stm32f10x_gpio.o
    0x08000abc   0x08000abc   0x00000004   Code   RO         1167    i.GPIO_SetBits      stm32f10x_gpio.o
    0x08000ac0   0x08000ac0   0x0000000a   Code   RO         1170    i.GPIO_WriteBit     stm32f10x_gpio.o
    0x08000aca   0x08000aca   0x00000002   PAD
    0x08000acc   0x08000acc   0x0000008c   Code   RO          510    i.HX711_GetData     hx711.o
    0x08000b58   0x08000b58   0x00000044   Code   RO          511    i.HX711_Init        hx711.o
    0x08000b9c   0x08000b9c   0x00000004   Code   RO            3    i.HardFault_Handler  stm32f10x_it.o
    0x08000ba0   0x08000ba0   0x00000010   Code   RO          323    i.IIC_delay         oled.o
    0x08000bb0   0x08000bb0   0x0000001c   Code   RO          553    i.InitializePrint   dp_print_lib.o
    0x08000bcc   0x08000bcc   0x00000080   Code   RO          528    i.Key_GetNum        key.o
    0x08000c4c   0x08000c4c   0x0000002c   Code   RO          529    i.Key_Init          key.o
    0x08000c78   0x08000c78   0x00000034   Code   RO          261    i.LED_Init          led.o
    0x08000cac   0x08000cac   0x00000014   Code   RO          263    i.LED_On            led.o
    0x08000cc0   0x08000cc0   0x00000024   Code   RO          264    i.LED_Toggle        led.o
    0x08000ce4   0x08000ce4   0x00000004   Code   RO            4    i.MemManage_Handler  stm32f10x_it.o
    0x08000ce8   0x08000ce8   0x00000002   Code   RO            5    i.NMI_Handler       stm32f10x_it.o
    0x08000cea   0x08000cea   0x00000002   PAD
    0x08000cec   0x08000cec   0x00000070   Code   RO          937    i.NVIC_Init         misc.o
    0x08000d5c   0x08000d5c   0x00000014   Code   RO          938    i.NVIC_PriorityGroupConfig  misc.o
    0x08000d70   0x08000d70   0x00000030   Code   RO          324    i.OLED_Clear        oled.o
    0x08000da0   0x08000da0   0x000001d0   Code   RO          328    i.OLED_DisplayFruitInfo  oled.o
    0x08000f70   0x08000f70   0x00000078   Code   RO          332    i.OLED_DrawPoint    oled.o
    0x08000fe8   0x08000fe8   0x0000003a   Code   RO          333    i.OLED_Fill         oled.o
    0x08001022   0x08001022   0x00000002   PAD
    0x08001024   0x08001024   0x00000034   Code   RO          334    i.OLED_I2C_Start    oled.o
    0x08001058   0x08001058   0x00000024   Code   RO          335    i.OLED_I2C_Stop     oled.o
    0x0800107c   0x0800107c   0x0000002c   Code   RO          336    i.OLED_I2C_WaitAck  oled.o
    0x080010a8   0x080010a8   0x00000124   Code   RO          337    i.OLED_Init         oled.o
    0x080011cc   0x080011cc   0x00000068   Code   RO          339    i.OLED_Refresh      oled.o
    0x08001234   0x08001234   0x0000004c   Code   RO          341    i.OLED_Send_Byte    oled.o
    0x08001280   0x08001280   0x00000140   Code   RO          342    i.OLED_ShowChar     oled.o
    0x080013c0   0x080013c0   0x00000108   Code   RO          343    i.OLED_ShowChinese  oled.o
    0x080014c8   0x080014c8   0x0000004e   Code   RO          346    i.OLED_ShowString   oled.o
    0x08001516   0x08001516   0x00000038   Code   RO          347    i.OLED_WR_Byte      oled.o
    0x0800154e   0x0800154e   0x000001c4   Code   RO          348    i.OLED_homepage     oled.o
    0x08001712   0x08001712   0x00000124   Code   RO          349    i.OLED_set          oled.o
    0x08001836   0x08001836   0x00000002   Code   RO            6    i.PendSV_Handler    stm32f10x_it.o
    0x08001838   0x08001838   0x00000016   Code   RO          559    i.Print_ASCII       dp_print_lib.o
    0x0800184e   0x0800184e   0x00000002   PAD
    0x08001850   0x08001850   0x00000020   Code   RO         1269    i.RCC_APB1PeriphClockCmd  stm32f10x_rcc.o
    0x08001870   0x08001870   0x00000020   Code   RO         1271    i.RCC_APB2PeriphClockCmd  stm32f10x_rcc.o
    0x08001890   0x08001890   0x000000d4   Code   RO         1279    i.RCC_GetClocksFreq  stm32f10x_rcc.o
    0x08001964   0x08001964   0x00000002   Code   RO            7    i.SVC_Handler       stm32f10x_it.o
    0x08001966   0x08001966   0x00000002   PAD
    0x08001968   0x08001968   0x0000002c   Code   RO          562    i.Sel_Align_Way     dp_print_lib.o
    0x08001994   0x08001994   0x00000008   Code   RO          152    i.SetSysClock       system_stm32f10x.o
    0x0800199c   0x0800199c   0x000000e0   Code   RO          153    i.SetSysClockTo72   system_stm32f10x.o
    0x08001a7c   0x08001a7c   0x00000028   Code   RO          941    i.SysTick_CLKSourceConfig  misc.o
    0x08001aa4   0x08001aa4   0x00000002   Code   RO            8    i.SysTick_Handler   stm32f10x_it.o
    0x08001aa6   0x08001aa6   0x00000002   PAD
    0x08001aa8   0x08001aa8   0x00000060   Code   RO          155    i.SystemInit        system_stm32f10x.o
    0x08001b08   0x08001b08   0x00000020   Code   RO          835    i.UART_SendByte     usart.o
    0x08001b28   0x08001b28   0x000000ac   Code   RO          836    i.USART1_Config     usart.o
    0x08001bd4   0x08001bd4   0x00000068   Code   RO          837    i.USART1_IRQHandler  usart.o
    0x08001c3c   0x08001c3c   0x000000a8   Code   RO          838    i.USART2_Config     usart.o
    0x08001ce4   0x08001ce4   0x00000068   Code   RO          839    i.USART2_IRQHandler  usart.o
    0x08001d4c   0x08001d4c   0x00000018   Code   RO          977    i.USART_Cmd         stm32f10x_usart.o
    0x08001d64   0x08001d64   0x0000001a   Code   RO          980    i.USART_GetFlagStatus  stm32f10x_usart.o
    0x08001d7e   0x08001d7e   0x00000054   Code   RO          981    i.USART_GetITStatus  stm32f10x_usart.o
    0x08001dd2   0x08001dd2   0x0000004a   Code   RO          983    i.USART_ITConfig    stm32f10x_usart.o
    0x08001e1c   0x08001e1c   0x000000d8   Code   RO          984    i.USART_Init        stm32f10x_usart.o
    0x08001ef4   0x08001ef4   0x0000000a   Code   RO          991    i.USART_ReceiveData  stm32f10x_usart.o
    0x08001efe   0x08001efe   0x00000008   Code   RO          994    i.USART_SendData    stm32f10x_usart.o
    0x08001f06   0x08001f06   0x00000004   Code   RO            9    i.UsageFault_Handler  stm32f10x_it.o
    0x08001f0a   0x08001f0a   0x00000002   PAD
    0x08001f0c   0x08001f0c   0x00000028   Code   RO         1933    i.__0sprintf        mc_w.l(printfa.o)
    0x08001f34   0x08001f34   0x0000000e   Code   RO         2019    i.__scatterload_copy  mc_w.l(handlers.o)
    0x08001f42   0x08001f42   0x00000002   Code   RO         2020    i.__scatterload_null  mc_w.l(handlers.o)
    0x08001f44   0x08001f44   0x0000000e   Code   RO         2021    i.__scatterload_zeroinit  mc_w.l(handlers.o)
    0x08001f52   0x08001f52   0x00000002   PAD
    0x08001f54   0x08001f54   0x00000184   Code   RO         1938    i._fp_digits        mc_w.l(printfa.o)
    0x080020d8   0x080020d8   0x000006dc   Code   RO         1939    i._printf_core      mc_w.l(printfa.o)
    0x080027b4   0x080027b4   0x00000024   Code   RO         1940    i._printf_post_padding  mc_w.l(printfa.o)
    0x080027d8   0x080027d8   0x0000002e   Code   RO         1941    i._printf_pre_padding  mc_w.l(printfa.o)
    0x08002806   0x08002806   0x0000000a   Code   RO         1943    i._sputc            mc_w.l(printfa.o)
    0x08002810   0x08002810   0x0000003c   Code   RO          809    i.delay_init        delay.o
    0x0800284c   0x0800284c   0x0000003c   Code   RO          810    i.delay_ms          delay.o
    0x08002888   0x08002888   0x0000003c   Code   RO          811    i.delay_us          delay.o
    0x080028c4   0x080028c4   0x00000018   Code   RO          186    i.init_putstr       main.o
    0x080028dc   0x080028dc   0x000004c4   Code   RO          187    i.main              main.o
    0x08002da0   0x08002da0   0x0000000a   Code   RO          590    i.print_And_Line    dp_print_lib.o
    0x08002daa   0x08002daa   0x00000072   Code   RO         1689    i.roundf            m_ws.l(roundf.o)
    0x08002e1c   0x08002e1c   0x00000016   Code   RO          189    i.select_lines      main.o
    0x08002e32   0x08002e32   0x00002328   Data   RO          351    .constdata          oled.o
    0x0800515a   0x0800515a   0x00000002   PAD
    0x0800515c   0x0800515c   0x00000020   Data   RO         2017    Region$$Table       anon$$obj.o


    Execution Region RW_IRAM1 (Exec base: 0x20000000, Load base: 0x0800517c, Size: 0x00003e20, Max: 0x00005000, ABSOLUTE, COMPRESSED[0x00000564])

    Exec Addr    Load Addr    Size         Type   Attr      Idx    E Section Name        Object

    0x20000000   COMPRESSED   0x00003621   Data   RW          192    .data               main.o
    0x20003621   COMPRESSED   0x00000003   PAD
    0x20003624   COMPRESSED   0x00000018   Data   RW          352    .data               oled.o
    0x2000363c   COMPRESSED   0x00000001   Data   RW          591    .data               dp_print_lib.o
    0x2000363d   COMPRESSED   0x00000001   PAD
    0x2000363e   COMPRESSED   0x00000004   Data   RW          812    .data               delay.o
    0x20003642   COMPRESSED   0x00000007   Data   RW          842    .data               usart.o
    0x20003649   COMPRESSED   0x00000014   Data   RW         1299    .data               stm32f10x_rcc.o
    0x2000365d   COMPRESSED   0x00000003   PAD
    0x20003660        -       0x00000082   Zero   RW          190    .bss                main.o
    0x200036e2        -       0x0000049e   Zero   RW          350    .bss                oled.o
    0x20003b80        -       0x000000a0   Zero   RW          841    .bss                usart.o
    0x20003c20        -       0x00000200   Zero   RW          930    STACK               startup_stm32f10x_md.o


==============================================================================

Image component sizes


      Code (inc. data)   RO Data    RW Data    ZI Data      Debug   Object Name

       180         16          0          4          0       1607   delay.o
       104         10          0          1          0       2133   dp_print_lib.o
       208         10          0          0          0       1057   hx711.o
       172         12          0          0          0        968   key.o
       108         14          0          0          0     204557   led.o
      1266        232          0      13857        130       3207   main.o
       172         22          0          0          0       1905   misc.o
      2772        124       9000         24       1182      11828   oled.o
        28          4        236          0        512        756   startup_stm32f10x_md.o
       332          0          0          0          0       4601   stm32f10x_gpio.o
        26          0          0          0          0     232562   stm32f10x_it.o
       276         32          0         20          0       4250   stm32f10x_rcc.o
       442          6          0          0          0       5861   stm32f10x_usart.o
         0          0          0          0          0         32   sys.o
       328         28          0          0          0       1649   system_stm32f10x.o
       580         56          0          7        160       3497   usart.o

    ----------------------------------------------------------------------
      7008        566       9270      13920       1984     480470   Object Totals
         0          0         32          0          0          0   (incl. Generated)
        14          0          2          7          0          0   (incl. Padding)

    ----------------------------------------------------------------------

      Code (inc. data)   RO Data    RW Data    ZI Data      Debug   Library Member Name

       114          0          0          0          0         80   roundf.o
        94          0          0          0          0          0   __dclz77c.o
         0          0          0          0          0          0   entry.o
         0          0          0          0          0          0   entry10a.o
         0          0          0          0          0          0   entry11a.o
         8          4          0          0          0          0   entry2.o
         4          0          0          0          0          0   entry5.o
         0          0          0          0          0          0   entry7b.o
         0          0          0          0          0          0   entry8b.o
         8          4          0          0          0          0   entry9a.o
        30          0          0          0          0          0   handlers.o
        36          8          0          0          0         68   init.o
         0          0          0          0          0          0   iusefp.o
        30          0          0          0          0         68   llshl.o
        36          0          0          0          0         68   llsshr.o
        32          0          0          0          0         68   llushr.o
      2276         86          0          0          0        520   printfa.o
        44          0          0          0          0         80   uidiv.o
        98          0          0          0          0         92   uldiv.o
        48          0          0          0          0         68   cdrcmple.o
        20          0          0          0          0         68   cfcmple.o
        56          0          0          0          0         88   d2f.o
       334          0          0          0          0        148   dadd.o
       222          0          0          0          0        100   ddiv.o
       186          0          0          0          0        176   depilogue.o
        48          0          0          0          0         68   dfixul.o
       228          0          0          0          0         96   dmul.o
        38          0          0          0          0         68   f2d.o
       176          0          0          0          0        140   fadd.o
       124          0          0          0          0         88   fdiv.o
       110          0          0          0          0        168   fepilogue.o
        18          0          0          0          0         68   fflti.o
       100          0          0          0          0         76   fmul.o
        60          0          0          0          0         76   frnd.o

    ----------------------------------------------------------------------
      4582        102          0          0          0       2540   Library Totals
         4          0          0          0          0          0   (incl. Padding)

    ----------------------------------------------------------------------

      Code (inc. data)   RO Data    RW Data    ZI Data      Debug   Library Name

       114          0          0          0          0         80   m_ws.l
      2696        102          0          0          0        964   mc_w.l
      1768          0          0          0          0       1496   mf_w.l

    ----------------------------------------------------------------------
      4582        102          0          0          0       2540   Library Totals

    ----------------------------------------------------------------------

==============================================================================


      Code (inc. data)   RO Data    RW Data    ZI Data      Debug   

     11590        668       9270      13920       1984     478458   Grand Totals
     11590        668       9270       1380       1984     478458   ELF Image Totals (compressed)
     11590        668       9270       1380          0          0   ROM Totals

==============================================================================

    Total RO  Size (Code + RO Data)                20860 (  20.37kB)
    Total RW  Size (RW Data + ZI Data)             15904 (  15.53kB)
    Total ROM Size (Code + RO Data + RW Data)      22240 (  21.72kB)

==============================================================================

